[    0.000000]: Linux version 5.4.0-1097-dx2023030807-1b2b35b91-aws (root@ip-10-110-254-131) (gcc version 9.4.0 (Ubuntu 9.4.0-1ubuntu1~20.04.1)) #105 SMP Wed Mar 8 07:04:20 UTC 2023 (Ubuntu 5.4.0-1097.105-aws 5.4.229)
[    0.000000]: Command line: BOOT_IMAGE=/ROOT/delphix.i4TlGPg/root@/boot/vmlinuz-5.4.0-1097-dx2023030807-1b2b35b91-aws root=ZFS=rpool/ROOT/delphix.i4TlGPg/root ro console=tty0 console=ttyS0,38400n8 mitigations=off ipv6.disable=1 elevator=noop crashkernel=256M,high crashkernel=256M,low init_on_alloc=0 usbcore.nousb=1 nvme_core.io_timeout=4294967295 earlyprintk=ttyS0,38400n8 rootdelay=300
[    0.000000]: KERNEL supported cpus:
[    0.000000]:   Intel GenuineIntel
[    0.000000]:   AMD AuthenticAMD
[    0.000000]:   Hygon HygonGenuine
[    0.000000]:   Centaur CentaurHauls
[    0.000000]:   zhaoxin   Shanghai  
[    0.000000]: x86/fpu: Supporting XSAVE feature 0x001: 'x87 floating point registers'
[    0.000000]: x86/fpu: Supporting XSAVE feature 0x002: 'SSE registers'
[    0.000000]: x86/fpu: Supporting XSAVE feature 0x004: 'AVX registers'
[    0.000000]: x86/fpu: Supporting XSAVE feature 0x008: 'MPX bounds registers'
[    0.000000]: x86/fpu: Supporting XSAVE feature 0x010: 'MPX CSR'
[    0.000000]: x86/fpu: Supporting XSAVE feature 0x020: 'AVX-512 opmask'
[    0.000000]: x86/fpu: Supporting XSAVE feature 0x040: 'AVX-512 Hi256'
[    0.000000]: x86/fpu: Supporting XSAVE feature 0x080: 'AVX-512 ZMM_Hi256'
[    0.000000]: x86/fpu: Supporting XSAVE feature 0x200: 'Protection Keys User registers'
[    0.000000]: x86/fpu: xstate_offset[2]:  576, xstate_sizes[2]:  256
[    0.000000]: x86/fpu: xstate_offset[3]:  832, xstate_sizes[3]:   64
[    0.000000]: x86/fpu: xstate_offset[4]:  896, xstate_sizes[4]:   64
[    0.000000]: x86/fpu: xstate_offset[5]:  960, xstate_sizes[5]:   64
[    0.000000]: x86/fpu: xstate_offset[6]: 1024, xstate_sizes[6]:  512
[    0.000000]: x86/fpu: xstate_offset[7]: 1536, xstate_sizes[7]: 1024
[    0.000000]: x86/fpu: xstate_offset[9]: 2560, xstate_sizes[9]:    8
[    0.000000]: x86/fpu: Enabled xstate features 0x2ff, context size is 2568 bytes, using 'compacted' format.
[    0.000000]: BIOS-provided physical RAM map:
[    0.000000]: BIOS-e820: [mem 0x0000000000000000-0x000000000009fbff] usable
[    0.000000]: BIOS-e820: [mem 0x000000000009fc00-0x000000000009ffff] reserved
[    0.000000]: BIOS-e820: [mem 0x00000000000f0000-0x00000000000fffff] reserved
[    0.000000]: BIOS-e820: [mem 0x0000000000100000-0x00000000bffe9fff] usable
[    0.000000]: BIOS-e820: [mem 0x00000000bffea000-0x00000000bfffffff] reserved
[    0.000000]: BIOS-e820: [mem 0x00000000e0000000-0x00000000e03fffff] reserved
[    0.000000]: BIOS-e820: [mem 0x00000000fffc0000-0x00000000ffffffff] reserved
[    0.000000]: BIOS-e820: [mem 0x0000000100000000-0x00000002399fffff] usable
[    0.000000]: BIOS-e820: [mem 0x0000000239a00000-0x000000023fffffff] reserved
[    0.000000]: printk: bootconsole [earlyser0] enabled
[    0.000000]: NX (Execute Disable) protection: active
[    0.000000]: SMBIOS 2.7 present.
[    0.000000]: DMI: Amazon EC2 t3.large/, BIOS 1.0 10/16/2017
[    0.000000]: Hypervisor detected: KVM
[    0.000000]: kvm-clock: Using msrs 4b564d01 and 4b564d00
[    0.000000]: kvm-clock: cpu 0, msr 16a601001, primary cpu clock
[    0.000000]: kvm-clock: using sched offset of 13651928761 cycles
[    0.001119]: clocksource: kvm-clock: mask: 0xffffffffffffffff max_cycles: 0x1cd42e4dffb, max_idle_ns: 881590591483 nsa2A
[    0.004272]: tsc: Detected 2499.996 MHz processoru_
[    0.006256]: e820: update [mem 0x00000000-0x00000fff] usable ==> reserved}_
[    0.006258]: e820: remove [mem 0x000a0000-0x000fffff] usable
[    0.006263]: last_pfn = 0x239a00 max_arch_pfn = 0x400000000
[    0.007344]: MTRR default type: write-back
[    0.007345]: MTRR fixed ranges enabled:
[    0.007346]:   00000-9FFFF write-back/p
[    0.007346]:   A0000-BFFFF uncachablep
[    0.007347]:   C0000-FFFFF write-protect
[    0.007348]: MTRR variable ranges enabled:
[    0.007349]:   0 base 0000C0000000 mask 3FFFC0000000 uncachable
[    0.007350]:   1 disabled)p
[    0.007350]:   2 disabled+p
[    0.007351]:   3 disabled,p
[    0.007351]:   4 disabled".p
[    0.007351]:   5 disabled/p
[    0.007352]:   6 disabled71p
[    0.007352]:   7 disabled-Tp
[    0.007361]: x86/PAT: Configuration [0-7]: WB  WC  UC- UC  WB  WP  UC- WT  
[    0.009294]: last_pfn = 0xbffea max_arch_pfn = 0x400000000
[    0.017323]: check: Scanning 1 areas for low memory corruption
[    0.018427]: kexec: Reserving the low 1M of memory for crashkernel
[    0.019598]: Kernel/User page tables isolation: disabled on command line.g?
[    0.020932]: Using GB pages for direct mapping
[    0.021939]: RAMDISK: [mem 0x35063000-0x36828fff]$L\
[    0.022826]: ACPI: Early table checksum verification disabledl
[    0.023909]: ACPI: RSDP 0x00000000000F8F40 000014 (v00 AMAZON)
[    0.025017]: ACPI: RSDT 0x00000000BFFEE350 000044 (v01 AMAZON AMZNRSDT 00000001 AMZN 00000001)
[    0.026643]: ACPI: FACP 0x00000000BFFEFF80 000074 (v01 AMAZON AMZNFACP 00000001 AMZN 00000001)
[    0.028264]: ACPI: DSDT 0x00000000BFFEE3A0 0010E9 (v01 AMAZON AMZNDSDT 00000001 AMZN 00000001)
[    0.029872]: ACPI: FACS 0x00000000BFFEFF40 000040$
[    0.030742]: ACPI: SSDT 0x00000000BFFEF6C0 00087A (v01 AMAZON AMZNSSDT 00000001 AMZN 00000001)
[    0.032356]: ACPI: APIC 0x00000000BFFEF5D0 000076 (v01 AMAZON AMZNAPIC 00000001 AMZN 00000001)
[    0.033967]: ACPI: SRAT 0x00000000BFFEF530 0000A0 (v01 AMAZON AMZNSRAT 00000001 AMZN 00000001)
[    0.035587]: ACPI: SLIT 0x00000000BFFEF4C0 00006C (v01 AMAZON AMZNSLIT 00000001 AMZN 00000001)
[    0.037212]: ACPI: WAET 0x00000000BFFEF490 000028 (v01 AMAZON AMZNWAET 00000001 AMZN 00000001)
[    0.038827]: ACPI: HPET 0x00000000000C9000 000038 (v01 AMAZON AMZNHPET 00000001 AMZN 00000001)
[    0.040460]: ACPI: SSDT 0x00000000000C9040 00007B (v01 AMAZON AMZNSSDT 00000001 AMZN 00000001)
[    0.042222]: ACPI: Reserving FACP table memory at [mem 0xbffeff80-0xbffefff3]
[    0.043565]: ACPI: Reserving DSDT table memory at [mem 0xbffee3a0-0xbffef488]%>
[    0.044908]: ACPI: Reserving FACS table memory at [mem 0xbffeff40-0xbffeff7f]`a
[    0.046293]: ACPI: Reserving SSDT table memory at [mem 0xbffef6c0-0xbffeff39]
[    0.047651]: ACPI: Reserving APIC table memory at [mem 0xbffef5d0-0xbffef645]s
[    0.049050]: ACPI: Reserving SRAT table memory at [mem 0xbffef530-0xbffef5cf]?Y
[    0.050420]: ACPI: Reserving SLIT table memory at [mem 0xbffef4c0-0xbffef52b]#
[    0.051848]: ACPI: Reserving WAET table memory at [mem 0xbffef490-0xbffef4b7]+
[    0.053202]: ACPI: Reserving HPET table memory at [mem 0xc9000-0xc9037]
[    0.054442]: ACPI: Reserving SSDT table memory at [mem 0xc9040-0xc90ba]
[    0.055784]: ACPI: Local APIC address 0xfee00000
[    0.055866]: SRAT: PXM 0 -> APIC 0x00 -> Node 0
[    0.056733]: SRAT: PXM 0 -> APIC 0x01 -> Node 0
[    0.057573]: ACPI: SRAT: Node 0 PXM 0 [mem 0x00000000-0xbfffffff]8
[    0.058800]: ACPI: SRAT: Node 0 PXM 0 [mem 0x100000000-0x23fffffff]
[    0.059991]: NUMA: Initialized distance table, cnt=1
[    0.059993]: NUMA: Node 0 [mem 0x00000000-0xbfffffff] + [mem 0x100000000-0x2399fffff] -> [mem 0x00000000-0x2399fffff]8(
[    0.062072]: NODE_DATA(0) allocated [mem 0x2399d4000-0x2399fefff]Y
[    0.063592]: Reserving 256MB of low memory at 2800MB for crashkernel (System low RAM: 3071MB)8
[    0.065222]: Reserving 256MB of memory at 8848MB for crashkernel (System RAM: 8089MB)t
[    0.066784]: Zone ranges:
[    0.067298]:   DMA      [mem 0x0000000000001000-0x0000000000ffffff]
[    0.068563]:   DMA32    [mem 0x0000000001000000-0x00000000ffffffff]
[    0.069740]:   Normal   [mem 0x0000000100000000-0x00000002399fffff]
[    0.070918]:   Device   emptyppB
[    0.071463]: Movable zone start for each nodeN
[    0.072278]: Early memory node rangesIY
[    0.072960]:   node   0: [mem 0x0000000000001000-0x000000000009efff]
[    0.074159]:   node   0: [mem 0x0000000000100000-0x00000000bffe9fff]
[    0.075375]:   node   0: [mem 0x0000000100000000-0x00000002399fffff]
[    0.076825]: Zeroed struct page in unavailable ranges: 26232 pages
[    0.076826]: Initmem setup node 0 [mem 0x0000000000001000-0x00000002399fffff]
[    0.079348]: On node 0 totalpages: 2070920
[    0.079349]:   DMA zone: 64 pages used for memmap»∫
[    0.079349]:   DMA zone: 158 pages reserved
[    0.079350]:   DMA zone: 3998 pages, LIFO batch:0
[    0.079406]:   DMA32 zone: 12224 pages used for memmap
[    0.079406]:   DMA32 zone: 782314 pages, LIFO batch:63
[    0.090744]:   Normal zone: 20072 pages used for memmap
[    0.090745]:   Normal zone: 1284608 pages, LIFO batch:63
[    0.107899]: ACPI: PM-Timer IO Port: 0xb008
[    0.108699]: ACPI: Local APIC address 0xfee00000
[    0.108708]: ACPI: LAPIC_NMI (acpi_id[0xff] dfl dfl lint[0x1])
[    0.109886]: IOAPIC[0]: apic_id 0, version 32, address 0xfec00000, GSI 0-23
[    0.111230]: ACPI: INT_SRC_OVR (bus 0 bus_irq 5 global_irq 5 high level)
[    0.112526]: ACPI: INT_SRC_OVR (bus 0 bus_irq 9 global_irq 9 high level)
[    0.113812]: ACPI: INT_SRC_OVR (bus 0 bus_irq 10 global_irq 10 high level)
[    0.115122]: ACPI: INT_SRC_OVR (bus 0 bus_irq 11 global_irq 11 high level)
[    0.116439]: ACPI: IRQ5 used by override.
[    0.116439]: ACPI: IRQ9 used by override..
[    0.116440]: ACPI: IRQ10 used by override.
[    0.116440]: ACPI: IRQ11 used by override.
[    0.116442]: Using ACPI (MADT) for SMP configuration information
[    0.117584]: ACPI: HPET id: 0x8086a201 base: 0xfed00000
[    0.118569]: TSC deadline timer availableb
[    0.119337]: smpboot: Allowing 2 CPUs, 0 hotplug CPUs-
[    0.120393]: PM: Registered nosave memory: [mem 0x00000000-0x00000fff]
[    0.121647]: PM: Registered nosave memory: [mem 0x0009f000-0x0009ffff]
[    0.122903]: PM: Registered nosave memory: [mem 0x000a0000-0x000effff]
[    0.124155]: PM: Registered nosave memory: [mem 0x000f0000-0x000fffff]
[    0.125406]: PM: Registered nosave memory: [mem 0xbffea000-0xbfffffff]
[    0.126650]: PM: Registered nosave memory: [mem 0xc0000000-0xdfffffff]
[    0.127888]: PM: Registered nosave memory: [mem 0xe0000000-0xe03fffff]
[    0.129137]: PM: Registered nosave memory: [mem 0xe0400000-0xfffbffff]
[    0.130372]: PM: Registered nosave memory: [mem 0xfffc0000-0xffffffff]
[    0.131601]: [mem 0xc0000000-0xdfffffff] available for PCI devices
[    0.132778]: Booting paravirtualized kernel on KVM
[    0.133689]: clocksource: refined-jiffies: mask: 0xffffffff max_cycles: 0xffffffff, max_idle_ns: 7645519600211568 ns
[    0.135724]: setup_percpu: NR_CPUS:8192 nr_cpumask_bits:2 nr_cpu_ids:2 nr_node_ids:1
[    0.137568]: percpu: Embedded 59 pages/cpu s204800 r8192 d28672 u1048576
[    0.138858]: pcpu-alloc: s204800 r8192 d28672 u1048576 alloc=1*2097152
[    0.138859]: pcpu-alloc: [0] 0 1 %G
[    0.138880]: setup async PF for cpu 0CQ
[    0.139575]: kvm-stealtime: cpu 0, msr 239631040
[    0.140468]: PV qspinlock hash table entries: 256 (order: 0, 4096 bytes, linear)
[    0.142048]: Built 1 zonelists, mobility grouping on.  Total pages: 2038402
[    0.143364]: Policy zone: Normal
[    0.143961]: Kernel command line: BOOT_IMAGE=/ROOT/delphix.i4TlGPg/root@/boot/vmlinuz-5.4.0-1097-dx2023030807-1b2b35b91-aws root=ZFS=rpool/ROOT/delphix.i4TlGPg/root ro console=tty0 console=ttyS0,38400n8 mitigations=off ipv6.disable=1 elevator=noop crashkernel=256M,high crashkernel=256M,low init_on_alloc=0 usbcore.nousb=1 nvme_core.io_timeout=4294967295 earlyprintk=ttyS0,38400n8 rootdelay=300
[    0.151904]: Dentry cache hash table entries: 1048576 (order: 11, 8388608 bytes, linear)
[    0.154017]: Inode-cache hash table entries: 524288 (order: 10, 4194304 bytes, linear)
[    0.155542]: mem auto-init: stack:off, heap alloc:off, heap free:off
[    0.166060]: Calgary: detecting Calgary via BIOS EBDA area
[    0.166070]: Calgary: Unable to locate Rio Grande table in EBDA - bailing!
[    0.183471]: Memory: 7491616K/8283680K available (12291K kernel code, 2188K rwdata, 8040K rodata, 2544K init, 5380K bss, 792064K reserved, 0K cma-reserved)
[    0.186356]: SLUB: HWalign=64, Order=0-3, MinObjects=0, CPUs=2, Nodes=1
[    0.187606]: ftrace: allocating 38930 entries in 153 pages
[    0.202206]: rcu: Hierarchical RCU implementation.
[    0.203112]: rcu: 	RCU restricting CPUs from NR_CPUS=8192 to nr_cpu_ids=2.
[    0.204428]: 	Tasks RCU enabled.
[    0.205031]: rcu: RCU calculated value of scheduler-enlistment delay is 25 jiffies.
[    0.206473]: rcu: Adjusting geometry for rcu_fanout_leaf=16, nr_cpu_ids=2Ÿè
[    0.210210]: NR_IRQS: 524544, nr_irqs: 440, preallocated irqs: 16Àõ
[    0.211536]: random: crng init done
[    0.276833]: Console: colour VGA+ 80x25
[    0.798264]: printk: console [tty0] enabled
[    0.801794]: printk: console [ttyS0] enabled
[    0.806170]: printk: bootconsole [earlyser0] disabledSTV0
[    0.810964]: ACPI: Core revision 201908160
[    0.814587]: clocksource: hpet: mask: 0xffffffff max_cycles: 0xffffffff, max_idle_ns: 30580167144 ns
[    0.878708]: APIC: Switch to symmetric I/O mode setupz4
[    0.883039]: x2apic enabled
[    0.886421]: Switched APIC routing to physical x2apic.
[    0.892164]: clocksource: tsc-early: mask: 0xffffffffffffffff max_cycles: 0x24093623c91, max_idle_ns: 440795291220 ns5
[    0.899979]: Calibrating delay loop (skipped) preset value.. 4999.99 BogoMIPS (lpj=9999984)
[    0.903975]: pid_max: default: 32768 minimum: 301p5
[    0.903975]: LSM: Security Framework initializingp5
[    0.903975]: Yama: becoming mindful.
[    0.903975]: AppArmor: AppArmor initialized
[    0.903975]: Mount-cache hash table entries: 16384 (order: 5, 131072 bytes, linear)
[    0.903975]: Mountpoint-cache hash table entries: 16384 (order: 5, 131072 bytes, linear)
[    0.903975]: *** VALIDATE tmpfs ***
[    0.903975]: *** VALIDATE proc ***
[    0.903975]: *** VALIDATE cgroup1 ***p5
[    0.903975]: *** VALIDATE cgroup2 ***p5
[    0.903975]: Last level iTLB entries: 4KB 64, 2MB 8, 4MB 8
[    0.903975]: Last level dTLB entries: 4KB 64, 2MB 0, 4MB 0, 1GB 4p5
[    0.903975]: Speculative Store Bypass: Vulnerablep5
[    0.903975]: Freeing SMP alternatives memory: 36Kp5
[    0.903975]: smpboot: CPU0: Intel(R) Xeon(R) Platinum 8259CL CPU @ 2.50GHz (family: 0x6, model: 0x55, stepping: 0x7)
[    0.904074]: Performance Events: unsupported p6 CPU model 85 no PMU driver, software events only.|6
[    0.908033]: rcu: Hierarchical SRCU implementation.
[    0.912309]: NMI watchdog: Perf NMI watchdog permanently disabled6
[    0.916039]: smp: Bringing up secondary CPUs ...
[    0.919826]: x86: Booting SMP configuration:
[    0.919983]: .... node  #0, CPUs:      #1GE)
[    0.692448]: kvm-clock: cpu 1, msr 16a601041, secondary cpu clockl6
[    0.922446]: setup async PF for cpu 1p7
[    0.923975]: kvm-stealtime: cpu 1, msr 239731040
[    0.932030]: smp: Brought up 1 node, 2 CPUs
[    0.935980]: smpboot: Max logical packages: 19
[    0.939574]: smpboot: Total of 2 processors activated (9999.98 BogoMIPS)
[    0.940488]: devtmpfs: initialized
[    0.943236]: x86/mm: Memory block size: 128MB\_8
[    0.948068]: clocksource: jiffies: mask: 0xffffffff max_cycles: 0xffffffff, max_idle_ns: 7645041785100000 ns
[    0.951990]: futex hash table entries: 512 (order: 3, 32768 bytes, linear)
[    0.960242]: PM: RTC time: 17:56:05, date: 2023-03-13v9
[    0.964096]: NET: Registered protocol family 16
[    0.967863]: audit: initializing netlink subsys (disabled)
[    0.972002]: audit: type=2000 audit(1678730165.177:1): state=initialized audit_enabled=0 res=1
[    0.979987]: cpuidle: using governor ladder
[    0.983630]: cpuidle: using governor menu8“ß:
[    0.984076]: ACPI: bus type PCI registered
[    0.987770]: acpiphp: ACPI Hot Plug PCI Controller Driver version: 0.5
[    0.988078]: PCI: Using configuration type 1 for base access
[    0.993286]: HugeTLB registered 1.00 GiB page size, pre-allocated 0 pages];
[    0.995987]: HugeTLB registered 2.00 MiB page size, pre-allocated 0 pagesQ-;
[    1.000025]: ACPI: Added _OSI(Module Device)
[    1.003985]: ACPI: Added _OSI(Processor Device)
[    1.007633]: ACPI: Added _OSI(3.0 _SCP Extensions)
[    1.007988]: ACPI: Added _OSI(Processor Aggregator Device)
[    1.011980]: ACPI: Added _OSI(Linux-Dell-Video)
[    1.015614]: ACPI: Added _OSI(Linux-Lenovo-NV-HDMI-Audio) û<
[    1.015979]: ACPI: Added _OSI(Linux-HPI-Hybrid-Graphics)
[    1.020707]: ACPI: 3 ACPI AML tables successfully acquired and loaded=
[    1.024897]: ACPI: Interpreter enabled
[    1.027988]: ACPI: (supports S0 S4 S5)
[    1.031334]: ACPI: Using IOAPIC for interrupt routing=
[    1.031995]: PCI: Using host bridge windows from ACPI; if necessary, use "pci=nocrs" and report a bug=
[    1.036309]: ACPI: Enabled 16 GPEs in block 00 to 0F
[    1.042106]: ACPI: PCI Root Bridge [PCI0] (domain 0000 [bus 00-ff])
[    1.043988]: acpi PNP0A03:00: _OSC: OS supports [ASPM ClockPM Segments MSI HPX-Type3]SUBSYSTEM=acpi
[    1.047989]: acpi PNP0A03:00: fail to add MMCONFIG information, can't access extended PCI configuration space under this bridge.SUBSYSTEM=acpi
[    1.052282]: acpiphp: Slot [3] registered$u>
[    1.055749]: acpiphp: Slot [4] registered?>
[    1.055997]: acpiphp: Slot [5] registered%?
[    1.059451]: acpiphp: Slot [6] registered;=.?
[    1.059994]: acpiphp: Slot [7] registeredc?
[    1.063494]: acpiphp: Slot [8] registeredDk?
[    1.063994]: acpiphp: Slot [9] registeredKÃü?
[    1.067437]: acpiphp: Slot [10] registered
[    1.067996]: acpiphp: Slot [11] registered
[    1.071445]: acpiphp: Slot [12] registered
[    1.071998]: acpiphp: Slot [13] registered
[    1.075487]: acpiphp: Slot [14] registered
[    1.075994]: acpiphp: Slot [15] registered
[    1.079491]: acpiphp: Slot [16] registered
[    1.079996]: acpiphp: Slot [17] registered
[    1.083514]: acpiphp: Slot [18] registered
[    1.084000]: acpiphp: Slot [19] registered
[    1.087461]: acpiphp: Slot [20] registered
[    1.087994]: acpiphp: Slot [21] registered
[    1.091467]: acpiphp: Slot [22] registered
[    1.091995]: acpiphp: Slot [23] registered
[    1.095665]: acpiphp: Slot [24] registered
[    1.095996]: acpiphp: Slot [25] registered
[    1.099469]: acpiphp: Slot [26] registered
[    1.099994]: acpiphp: Slot [27] registered
[    1.103433]: acpiphp: Slot [28] registered
[    1.103994]: acpiphp: Slot [29] registered
[    1.107464]: acpiphp: Slot [30] registered
[    1.107995]: acpiphp: Slot [31] registered
[    1.111457]: PCI host bridge to bus 0000:00
[    1.111988]: pci_bus 0000:00: root bus resource [io  0x0000-0x0cf7 window]SUBSYSTEM=pci_bus
[    1.116016]: pci_bus 0000:00: root bus resource [io  0x0d00-0xffff window]SUBSYSTEM=pci_bus
[    1.119982]: pci_bus 0000:00: root bus resource [mem 0x000a0000-0x000bffff window]SUBSYSTEM=pci_bus
[    1.123981]: pci_bus 0000:00: root bus resource [mem 0xc0000000-0xfebfffff window]SUBSYSTEM=pci_bus
[    1.127981]: pci_bus 0000:00: root bus resource [bus 00-ff]SUBSYSTEM=pci_bus
[    1.132023]: pci 0000:00:00.0: [8086:1237] type 00 class 0x060000SUBSYSTEM=pci
[    1.136673]: pci 0000:00:01.0: [8086:7000] type 00 class 0x060100SUBSYSTEM=pci
[    1.141097]: pci 0000:00:01.3: [8086:7113] type 00 class 0x000000SUBSYSTEM=pci
[    1.144862]: pci 0000:00:01.3: quirk: [io  0xb000-0xb03f] claimed by PIIX4 ACPISUBSYSTEM=pci
[    1.147995]: pci 0000:00:01.3: quirk: [io  0xb100-0xb10f] claimed by PIIX4 SMBSUBSYSTEM=pci
[    1.152041]: pci 0000:00:01.3: PIIX4 devres E PIO at fff0-ffffSUBSYSTEM=pci
[    1.155996]: pci 0000:00:01.3: PIIX4 devres F MMIO at ffc00000-ffffffffSUBSYSTEM=pci
[    1.159994]: pci 0000:00:01.3: PIIX4 devres G PIO at fff0-ffffSUBSYSTEM=pci
[    1.163998]: pci 0000:00:01.3: PIIX4 devres H MMIO at ffc00000-ffffffffSUBSYSTEM=pci
[    1.167997]: pci 0000:00:01.3: PIIX4 devres I PIO at fff0-ffffSUBSYSTEM=pci
[    1.171997]: pci 0000:00:01.3: PIIX4 devres J PIO at fff0-ffffSUBSYSTEM=pci
[    1.175984]: pci 0000:00:01.3: quirk_piix4_acpi+0x0/0x170 took 31250 usecsSUBSYSTEM=pci
[    1.180804]: pci 0000:00:03.0: [1d0f:1111] type 00 class 0x030000SUBSYSTEM=pci
[    1.184672]: pci 0000:00:03.0: reg 0x10: [mem 0xfe400000-0xfe7fffff pref]SUBSYSTEM=pci
[    1.190200]: pci 0000:00:03.0: reg 0x30: [mem 0xfebe0000-0xfebeffff pref]SUBSYSTEM=pci
[    1.192597]: pci 0000:00:04.0: [1d0f:8061] type 00 class 0x010802SUBSYSTEM=pci
[    1.197432]: pci 0000:00:04.0: reg 0x10: [mem 0xfebf0000-0xfebf3fff]SUBSYSTEM=pci
[    1.204837]: pci 0000:00:05.0: [1d0f:ec20] type 00 class 0x020000SUBSYSTEM=pci
[    1.208814]: pci 0000:00:05.0: reg 0x10: [mem 0xfebf4000-0xfebf7fff]SUBSYSTEM=pci
[    1.223926]: ACPI: PCI Interrupt Link [LNKA] (IRQs 5 *10 11)
[    1.224092]: ACPI: PCI Interrupt Link [LNKB] (IRQs 5 *10 11)
[    1.228078]: ACPI: PCI Interrupt Link [LNKC] (IRQs 5 10 *11)
[    1.232074]: ACPI: PCI Interrupt Link [LNKD] (IRQs 5 10 *11)
[    1.236027]: ACPI: PCI Interrupt Link [LNKS] (IRQs *9)
[    1.240182]: iommu: Default domain type: Translated 
[    1.244093]: SCSI subsystem initialized
[    1.247653]: pci 0000:00:03.0: vgaarb: setting as boot VGA deviceSUBSYSTEM=pci
[    1.247975]: pci 0000:00:03.0: vgaarb: VGA device added: decodes=io+mem,owns=io+mem,locks=noneSUBSYSTEM=pci
[    1.247986]: pci 0000:00:03.0: vgaarb: bridge control possibleSUBSYSTEM=pci
[    1.251979]: vgaarb: loaded
[    1.254969]: pps_core: LinuxPPS API ver. 1 registeredJ
[    1.255979]: pps_core: Software ver. 5.3.6 - Copyright 2005-2007 Rodolfo Giometti <giometti@linux.it>lK
[    1.259982]: PTP clock support registeredNK
[    1.263445]: EDAC MC: Ver: 3.0.0
[    1.264172]: PCI: Using ACPI for IRQ routing
[    1.267980]: PCI: pci_cache_line_size set to 64 bytesK
[    1.268117]: e820: reserve RAM buffer [mem 0x0009fc00-0x0009ffff]K
[    1.268119]: e820: reserve RAM buffer [mem 0xbffea000-0xbfffffff]K
[    1.268119]: e820: reserve RAM buffer [mem 0x239a00000-0x23bffffff]
[    1.268212]: NetLabel: Initializing
[    1.271465]: NetLabel:  domain hash size = 128
[    1.271979]: NetLabel:  protocols = UNLABELED CIPSOv4 CALIPSO#L
[    1.275994]: NetLabel:  unlabeled traffic allowed by default
[    1.280075]: hpet0: at MMIO 0xfed00000, IRQs 2, 8, 0, 0, 0, 0, 0, 0
[    1.283980]: hpet0: 8 comparators, 32-bit 62.500000 MHz counter
[    1.291086]: clocksource: Switched to clocksource kvm-clock
[    1.302800]: *** VALIDATE bpf ***'M
[    1.306040]: VFS: Disk quotas dquot_6.6.0N
[    1.309477]: VFS: Dquot-cache hash table entries: 512 (order 0, 4096 bytes)
[    1.314151]: *** VALIDATE ramfs ***
[    1.317364]: *** VALIDATE hugetlbfs ***
[    1.321014]: AppArmor: AppArmor Filesystem Enabled
[    1.324788]: pnp: PnP ACPI init
[    1.327923]: pnp 00:00: Plug and Play ACPI device, IDs PNP0b00 (active)SUBSYSTEM=pnp
[    1.327954]: pnp 00:01: Plug and Play ACPI device, IDs PNP0303 (active)SUBSYSTEM=pnp
[    1.327971]: pnp 00:02: Plug and Play ACPI device, IDs PNP0f13 (active)SUBSYSTEM=pnp
[    1.328026]: pnp 00:03: Plug and Play ACPI device, IDs PNP0400 (active)SUBSYSTEM=pnp
[    1.328066]: pnp 00:04: Plug and Play ACPI device, IDs PNP0501 (active)SUBSYSTEM=pnp
[    1.328267]: pnp: PnP ACPI: found 5 devices
[    1.334290]: thermal_sys: Registered thermal governor 'fair_share'
[    1.334291]: thermal_sys: Registered thermal governor 'bang_bang'	O
[    1.338640]: thermal_sys: Registered thermal governor 'step_wise'P
[    1.342951]: thermal_sys: Registered thermal governor 'user_space'
[    1.347229]: thermal_sys: Registered thermal governor 'power_allocator'
[    1.356196]: clocksource: acpi_pm: mask: 0xffffff max_cycles: 0xffffff, max_idle_ns: 2085701024 ns
[    1.367868]: pci_bus 0000:00: resource 4 [io  0x0000-0x0cf7 window]SUBSYSTEM=pci_bus
[    1.372245]: pci_bus 0000:00: resource 5 [io  0x0d00-0xffff window]SUBSYSTEM=pci_bus
[    1.376632]: pci_bus 0000:00: resource 6 [mem 0x000a0000-0x000bffff window]SUBSYSTEM=pci_bus
[    1.381288]: pci_bus 0000:00: resource 7 [mem 0xc0000000-0xfebfffff window]SUBSYSTEM=pci_bus
[    1.386109]: NET: Registered protocol family 2
[    1.390127]: IP idents hash table entries: 131072 (order: 8, 1048576 bytes, linear)
[    1.397849]: tcp_listen_portaddr_hash hash table entries: 4096 (order: 4, 65536 bytes, linear)
[    1.506007]: TCP established hash table entries: 65536 (order: 7, 524288 bytes, linear)
[    1.512891]: TCP bind hash table entries: 65536 (order: 8, 1048576 bytes, linear)›íZ
[    1.519574]: TCP: Hash tables configured (established 65536 bind 65536)
[    1.524296]: UDP hash table entries: 4096 (order: 5, 131072 bytes, linear)
[    1.528936]: UDP-Lite hash table entries: 4096 (order: 5, 131072 bytes, linear)
[    1.535468]: NET: Registered protocol family 1
[    1.539079]: NET: Registered protocol family 44
[    1.542775]: pci 0000:00:00.0: Limiting direct PCI/PCI transfersSUBSYSTEM=pci
[    1.547154]: pci 0000:00:01.0: Activating ISA DMA hang workaroundsSUBSYSTEM=pci
[    1.551596]: pci 0000:00:03.0: Video device with shadowed ROM at [mem 0x000c0000-0x000dffff]SUBSYSTEM=pci
[    1.558581]: PCI: CLS 0 bytes, default 64]
[    1.562056]: Trying to unpack rootfs image as initramfs...
[    1.622341]: Freeing initrd memory: 24344K
[    1.625898]: PCI-DMA: Using software bounce buffering for IO (SWIOTLB)
[    1.630391]: software IO TLB: mapped [mem 0xab000000-0xaf000000] (64MB)
[    1.635003]: clocksource: tsc: mask: 0xffffffffffffffff max_cycles: 0x24093623c91, max_idle_ns: 440795291220 ns
[    1.642633]: clocksource: Switched to clocksource tsc$b
[    1.646584]: check: Scanning for low memory corruption every 60 seconds
[    1.651481]: Initialise system trusted keyrings
[    1.655168]: Key type blacklist registered
[    1.658724]: workingset: timestamp_bits=36 max_order=21 bucket_order=0
[    1.664259]: zbud: loaded}bc
[    1.667398]: squashfs: version 4.0 (2009/01/31) Phillip Lougher
[    1.671628]: fuse: init (API version 7.31)
[    1.675138]: *** VALIDATE fuse ***
[    1.678334]: *** VALIDATE fuse ***
[    1.681610]: Platform Keyring initializedd
[    1.687650]: Key type asymmetric registered
[    1.691166]: Asymmetric key parser 'x509' registered
[    1.694985]: Block layer SCSI generic (bsg) driver version 0.4 loaded (major 246)ke
[    1.701561]: io scheduler mq-deadline registered
[    1.705403]: shpchp: Standard Hot Plug PCI Controller Driver version: 0.4]e
[    1.710101]: intel_idle: Please enable MWAIT in BIOS SETUP
[    1.710152]: input: Power Button as /devices/LNXSYSTM:00/LNXPWRBN:00/input/input0ERf
[    1.716706]: ACPI: Power Button [PWRF]
[    1.720106]: input: Sleep Button as /devices/LNXSYSTM:00/LNXSLPBN:00/input/input1f
[    1.726787]: ACPI: Sleep Button [SLPF]
[    1.730349]: Serial: 8250/16550 driver, 4 ports, IRQ sharing enabled
[    1.762165]: 00:04: ttyS0 at I/O 0x3f8 (irq = 4, base_baud = 115200) is a 16550A
[    1.896055]: loop: module loaded
[    1.899645]: nvme nvme0: pci function 0000:00:04.0SUBSYSTEM=nvme
[    1.903576]: tun: Universal TUN/TAP device driver, 1.6
[    1.903963]: PCI Interrupt Link [LNKD] enabled at IRQ 11
[    1.911770]: PPP generic driver version 2.4.2\.r
[    1.915641]: i8042: PNP: PS/2 Controller [PNP0303:KBD,PNP0f13:MOU] at 0x60,0x64 irq 1,12
[    1.922818]: i8042: Warning: Keylock active
[    1.927745]: serio: i8042 KBD port at 0x60,0x64 irq 1#s
[    1.931728]: serio: i8042 AUX port at 0x60,0x64 irq 12
[    1.936081]: mousedev: PS/2 mouse device common for all mice
[    1.941215]: device-mapper: uevent: version 1.0.3IZs
[    1.945393]: device-mapper: ioctl: 4.41.0-ioctl (2019-09-16) initialised: dm-devel@redhat.com$at
[    1.952567]: intel_pstate: CPU model not supported
[    1.956651]: drop_monitor: Initializing network drop monitor service
[    1.961531]: IPv6: Loaded, but administratively disabled, reboot required to enable
[    1.968482]: NET: Registered protocol family 17
[    1.972487]: Key type dns_resolver registeredu
[    1.976435]: RAS: Correctable Errors collector initialized.
[    1.980719]: IPI shorthand broadcast: enabledGv
[    1.984364]: sched_clock: Marking stable (1295906341, 688448583)->(2210674289, -226319365)
[    1.991418]: registered taskstats version 1
[    1.994990]: Loading compiled-in X.509 certificates
[    1.999457]: Loaded X.509 cert 'Build time autogenerated kernel key: d75159e73df885c74bd5a7099453852c8f4d6183'
[    2.007673]: Loaded X.509 cert 'Canonical Ltd. Live Patch Signing: 14df34d1a87cf37625abec039ef2bf521249b969'
[    2.015743]: Loaded X.509 cert 'Canonical Ltd. Kernel Module Signing: 88f752e560a1e0737e31163a466ad7b70a850c19'
[    2.023648]: blacklist: Loading compiled-in revocation X.509 certificates=x
[    2.028289]: Loaded X.509 cert 'Canonical Ltd. Secure Boot Signing: 61482aa2830d0ab2ad5af10b7250da9033ddcef0'8
Yy
[    2.035878]: Loaded X.509 cert 'Canonical Ltd. Secure Boot Signing (2017): 242ade75ac4a15e50d50c84b0d45ff3eae707a03'
[    2.043740]: Loaded X.509 cert 'Canonical Ltd. Secure Boot Signing (ESM 2018): 365188c1d374d6b07c3c8f240f8ef722433d6a8b'
[    2.051719]: Loaded X.509 cert 'Canonical Ltd. Secure Boot Signing (2019): c0746fd6c5da3ae827864651ad66ae47fe24b3e8'
[    2.059619]: Loaded X.509 cert 'Canonical Ltd. Secure Boot Signing (2021 v1): a8d54bbb3825cfb94fa13c9f8a594a195c107b8d'
[    2.067591]: Loaded X.509 cert 'Canonical Ltd. Secure Boot Signing (2021 v2): 4cf046892d6fd3c9a5b03f98d845f90851dc6a8c'
[    2.075613]: Loaded X.509 cert 'Canonical Ltd. Secure Boot Signing (2021 v3): 100437bb6de6e469b581e61cd66bce3ef4ed53af'
[    2.083681]: Loaded X.509 cert 'Canonical Ltd. Secure Boot Signing (Ubuntu Core 2019): c1d57b8f6b743f23ee41f4f7ee292f06eecadfb9'
[    2.092033]: zswap: loaded using pool lzo/zbud
[    2.095788]: Key type ._fscrypt registered
[    2.099272]: Key type .fscrypt registeredŒâ}
[    2.107017]: Key type big_key registered
[    2.112506]: Key type encrypted registered
[    2.116284]: AppArmor: AppArmor sha1 policy hashing enabled
[    2.120466]: ima: No TPM chip found, activating TPM-bypass!
[    2.124769]: ima: Allocated hash algorithm: sha1
[    2.128503]: ima: No architecture policies found
[    2.132741]: nvme nvme0: 2/0/0 default/read/poll queuesSUBSYSTEM=nvme
[    2.132821]: evm: Initialising EVM extended attributes:
[    2.141113]: evm: security.selinux
[    2.141196]:  nvme0n1: p1 p2
[    2.144474]: evm: security.SMACK64
[    2.144475]: evm: security.SMACK64EXEC
[    2.144475]: evm: security.SMACK64TRANSMUTE
[    2.144476]: evm: security.SMACK64MMAP
[    2.144476]: evm: security.apparmor
[    2.144476]: evm: security.ima
[    2.144477]: evm: security.capability4%
[    2.144478]: evm: HMAC attrs: 0x1
[    2.174228]: PM:   Magic number: 15:651:946
[    2.177840]: tty tty3: hash matchesSUBSYSTEM=tty
[    2.181148]: processor cpu1: hash matchesSUBSYSTEM=cpu
[    2.193024]: Freeing unused decrypted memory: 2040K
[    2.197523]: Freeing unused kernel image memory: 2544K
[    2.203996]: Write protecting the kernel read-only data: 22528k
[    2.208898]: Freeing unused kernel image memory: 2036K
[    2.212942]: Freeing unused kernel image memory: 152K$
[    2.224599]: x86/mm: Checked W+X mappings: passed, no W+X pages found.
[    2.229152]: Run /init as init process
[    2.283584]: piix4_smbus 0000:00:01.3: SMBus Host Controller at 0xb100, revision 255SUBSYSTEM=pci
[    2.292202]: ena: ENA device version: 0.10
[    2.296115]: ena: ENA controller version: 0.0.1 implementation version 1
[    2.310155]: ena 0000:00:05.0: LLQ is not supported Fallback to host mode policy.SUBSYSTEM=pci
[    2.324595]: ena 0000:00:05.0: Elastic Network Adapter (ENA) found at mem febf4000, mac addr 02:9a:a6:27:9f:6dSUBSYSTEM=pci
[    2.333273]: ena 0000:00:05.0 enx029aa6279f6d: renamed from eth0SUBSYSTEM=pci
[    2.468686]: input: AT Translated Set 2 keyboard as /devices/platform/i8042/serio0/input/input2
[    4.407990]: raid6: avx512x4 gen() 24863 MB/s	
[    4.459992]: raid6: avx512x4 xor() 12019 MB/s
[    4.512008]: raid6: avx512x2 gen() 24425 MB/s(
[    4.563990]: raid6: avx512x2 xor() 16072 MB/s$
[    4.616131]: raid6: avx512x1 gen() 16215 MB/s;
[    4.667989]: raid6: avx512x1 xor() 12469 MB/sU
[    4.720017]: raid6: avx2x4   gen() 21148 MB/s}n
[    4.771998]: raid6: avx2x4   xor() 13037 MB/sB
[    4.823990]: raid6: avx2x2   gen() 18256 MB/s"
[    4.880503]: raid6: avx2x2   xor()  8608 MB/s(!%
[    4.931985]: raid6: avx2x1   gen() 14485 MB/sÀö)
[    4.983986]: raid6: avx2x1   xor()  9904 MB/st+
[    5.031984]: raid6: sse2x4   gen()  9563 MB/so.
[    5.079986]: raid6: sse2x4   xor()  6060 MB/s1
[    5.127989]: raid6: sse2x2   gen()  8856 MB/sw:4
[    5.175982]: raid6: sse2x2   xor()  5636 MB/s“ú7
[    5.227991]: raid6: sse2x1   gen()  7826 MB/se'y:
[    5.275985]: raid6: sse2x1   xor()  4561 MB/s
:
[    5.280144]: raid6: using algorithm avx512x4 gen() 24863 MB/sT:
[    5.284618]: raid6: .... xor() 12019 MB/s, rmw enabled
[    5.288861]: raid6: using avx512x2 recovery algorithmŒä;
[    5.293919]: async_tx: api initialized (async)
[    5.298611]: xor: automatically using best checksumming function   avx       
[    5.337383]: spl: loading out-of-tree module taints kernel.
[    5.342024]: spl: module verification failed: signature and/or required key missing - tainting kernel6	?
[    5.352535]: zfs: module license 'CDDL' taints kernel.
[    5.356691]: Disabling lock debugging due to kernel taint"
[    6.552395]: ZFS: Loaded module v2.1.99-delphix+2023.03.11.01-ab8da03, ZFS pool version 5000, ZFS filesystem version 5
[   15.455890]: systemd[1]: Inserted module 'autofs4'
[   15.908114]: systemd[1]: systemd 245.4-4ubuntu3.20 running in system mode. (+PAM +AUDIT +SELINUX +IMA +APPARMOR +SMACK +SYSVINIT +UTMP +LIBCRYPTSETUP +GCRYPT +GNUTLS +ACL +XZ +LZ4 +SECCOMP +BLKID +ELFUTILS +KMOD +IDN2 -IDN +PCRE2 default-hierarchy=hybrid)
[   15.927680]: systemd[1]: Detected virtualization kvm.d
[   15.932432]: systemd[1]: Detected architecture x86-64.
[   15.940533]: pci 0000:00:1f.0: [1d0f:8061] type 00 class 0x010802SUBSYSTEM=pci
[   15.946012]: pci 0000:00:1f.0: reg 0x10: [mem 0x00000000-0x00003fff]SUBSYSTEM=pci
[   15.953784]: pci 0000:00:1f.0: BAR 0: assigned [mem 0xc0000000-0xc0003fff]SUBSYSTEM=pci
[   15.959013]: nvme nvme1: pci function 0000:00:1f.0SUBSYSTEM=nvme
[   15.963463]: nvme 0000:00:1f.0: enabling device (0000 -> 0002)SUBSYSTEM=pci
[   16.094367]: PCI Interrupt Link [LNKC] enabled at IRQ 10
[   16.213554]: nvme nvme1: 2/0/0 default/read/poll queuesSUBSYSTEM=nvme
[   16.266772]: systemd[1]: Set hostname to <localhost.localdomain>.<
[   16.311444]: pci 0000:00:1e.0: [1d0f:8061] type 00 class 0x010802SUBSYSTEM=pci
[   16.316808]: pci 0000:00:1e.0: reg 0x10: [mem 0x00000000-0x00003fff]SUBSYSTEM=pci
[   16.323142]: pci 0000:00:1e.0: BAR 0: assigned [mem 0xc0004000-0xc0007fff]SUBSYSTEM=pci
[   16.329601]: nvme nvme2: pci function 0000:00:1e.0SUBSYSTEM=nvme
[   16.333977]: nvme 0000:00:1e.0: enabling device (0000 -> 0002)SUBSYSTEM=pci
[   16.341218]: PCI Interrupt Link [LNKB] enabled at IRQ 10
[   16.460554]: nvme nvme2: 2/0/0 default/read/poll queuesSUBSYSTEM=nvme
[   16.487284]: pci 0000:00:1d.0: [1d0f:8061] type 00 class 0x010802SUBSYSTEM=pci
[   16.492243]: pci 0000:00:1d.0: reg 0x10: [mem 0x00000000-0x00003fff]SUBSYSTEM=pci
[   16.498768]: pci 0000:00:1d.0: BAR 0: assigned [mem 0xc0008000-0xc000bfff]SUBSYSTEM=pci
[   16.504697]: nvme nvme3: pci function 0000:00:1d.0SUBSYSTEM=nvme
[   16.509726]: nvme 0000:00:1d.0: enabling device (0000 -> 0002)SUBSYSTEM=pci
[   16.518138]: PCI Interrupt Link [LNKA] enabled at IRQ 11
[   16.525239]: systemd[1]: Initializing machine ID from KVM UUID.
[   16.636454]: nvme nvme3: 2/0/0 default/read/poll queuesSUBSYSTEM=nvme
[   19.763645]: systemd[1]: Created slice system-delphix\x2dpostgres.slice.
[   19.771668]: systemd[1]: Created slice system-modprobe.slice.x
[   19.779451]: systemd[1]: Created slice system-serial\x2dgetty.slice.
[   19.787408]: systemd[1]: Created slice User and Session Slice.
[   19.795015]: systemd[1]: Started ntp-systemd-netif.path.
[   19.801986]: systemd[1]: Started Dispatch Password Requests to Console Directory Watch.
[   19.813433]: systemd[1]: Started Forward Password Requests to Wall Directory Watch.
[   19.826295]: systemd[1]: Set up automount Arbitrary Executable File Formats File System Automount Point.
[   19.837773]: systemd[1]: Reached target Local Encrypted Volumes.
[   19.846051]: systemd[1]: Reached target Paths.
[   19.852320]: systemd[1]: Reached target Slices.
[   19.859128]: systemd[1]: Reached target Swap.f≈§
[   19.944269]: systemd[1]: Listening on Syslog Socket.
[   19.952877]: systemd[1]: Listening on initctl Compatibility Named Pipe.
[   19.968146]: systemd[1]: Listening on Journal Audit Socket.
[   19.980201]: systemd[1]: Listening on Journal Socket (/dev/log).
[   19.987463]: systemd[1]: Listening on Journal Socket.6(
[   20.001067]: systemd[1]: Listening on Network Service Netlink Socket.
[   20.009909]: systemd[1]: Listening on udev Control Socket.
[   20.022761]: systemd[1]: Listening on udev Kernel Socket.I
[   20.032893]: systemd[1]: Mounting Huge Pages File System...
[   20.041072]: systemd[1]: Mounting POSIX Message Queue File System...
[   20.051010]: systemd[1]: Mounting NFSD configuration filesystem...
[   20.064374]: systemd[1]: Mounting RPC Pipe File System...jh
[   20.072404]: systemd[1]: Mounting Kernel Debug File System...
[   20.084225]: systemd[1]: Mounting Kernel Trace File System...Ig÷≠
[   20.096378]: systemd[1]: Starting Journal Service...
[   20.103041]: systemd[1]: Condition check resulted in Kernel Module supporting RPCSEC_GSS being skipped.
[   20.168731]: systemd[1]: Starting Set the console keyboard layout...
[   20.176711]: systemd[1]: Starting Create list of static device nodes for the current kernel...
[   20.187555]: systemd[1]: Starting Load Kernel Module chromeos_pstore...
[   20.196139]: systemd[1]: Starting Load Kernel Module drm...
[   20.203074]: systemd[1]: Starting Load Kernel Module efi_pstore...
[   20.211133]: systemd[1]: Starting Load Kernel Module pstore_blk...
[   20.219465]: systemd[1]: Starting Load Kernel Module pstore_zone...
[   20.227949]: systemd[1]: Starting Load Kernel Module ramoops...
[   20.235599]: systemd[1]: Condition check resulted in OpenVSwitch configuration for cleanup being skipped.c
[   20.344642]: systemd[1]: Condition check resulted in Set Up Additional Binary Formats being skipped.
[   20.354887]: systemd[1]: Starting Load Kernel Modules...
[   20.362824]: systemd[1]: Starting Remount Root and Kernel File Systems...
[   20.371800]: systemd[1]: Starting udev Coldplug all Devices...
[   20.379212]: systemd[1]: Starting Uncomplicated firewall...
[   20.388742]: systemd[1]: Started Journal Service.nX
[   20.624993]: RPC: Registered named UNIX socket transport module.
[   20.629426]: RPC: Registered udp transport module.
[   20.633935]: RPC: Registered tcp transport module.
[   20.638639]: RPC: Registered tcp NFSv4.1 backchannel transport module.
[   20.990666]: Installing knfsd (copyright (C) 1996 okir@monad.swb.de).OH
[   26.978308]: systemd-journald[389]: Received client request to flush runtime journal.{
[   28.982319]: RAPL PMU: API unit is 2^-32 Joules, 0 fixed counters, 10737418240 ms ovfl timer
[   29.058307]: cryptd: max_cpu_qlen set to 1000Y
[   29.071566]: AVX2 version of gcm_enc/dec engaged.
[   29.071568]: AES CTR mode by8 optimization enabled
[   42.095571]: Rounding down aligned max_sectors from 4294967295 to 4294967288
[   42.095750]: db_root: cannot open: /etc/target
[   43.101434]: NFSD: Using UMH upcall client tracking operations.
[   43.101438]: NFSD: starting 20-second grace period (net f0000098)Eq:
[   78.289935]: FS-Cache: Loaded
{@
[   78.391219]: FS-Cache: Netfs 'nfs' registered for caching;K
[   78.577792]: NFS: Registering the id_resolver key type
[   78.577801]: Key type id_resolver registered
[   78.577801]: Key type id_legacy registered
[   98.733744]: EXT4-fs (zd0): mounted filesystem with ordered data mode. Opts: (null)
[  318.926248]: bpfilter: Loaded bpfilter_umh pid 7402
[  318.926526]: Started bpfilter]
[  403.292608]:  nvme1n1: p1 p9
[  679.097695]:  nvme2n1: p1 p9
[ 1135.198016]: iSCSI/iqn.2008-07.com.delphix:564dab6e-e4d1-9f59-c67f-396385c626f1: Unsupported SCSI Opcode 0xa3, sending CHECK_CONDITION.
[ 1598.030405]: sysrq: Trigger a crash
[ 1598.032724]: Kernel panic - not syncing: sysrq triggered crash
[ 1598.035976]: CPU: 1 PID: 11570 Comm: bash Kdump: loaded Tainted: P           OE     5.4.0-1097-dx2023030807-1b2b35b91-aws #105
[ 1598.042307]: Hardware name: Amazon EC2 t3.large/, BIOS 1.0 10/16/2017t
[ 1598.045996]: Call Trace:
[ 1598.047650]:  dump_stack+0x6d/0x8b
[ 1598.051790]:  panic+0x101/0x2e3
[ 1598.055871]:  sysrq_handle_crash+0x15/0x20
[ 1598.060817]:  __handle_sysrq.cold+0x48/0x107
[ 1598.065682]:  write_sysrq_trigger+0x28/0x40
[ 1598.070897]:  proc_reg_write+0x43/0x70
[ 1598.075857]:  __vfs_write+0x1b/0x40
[ 1598.080175]:  vfs_write+0xb9/0x1a0
[ 1598.084858]:  ksys_write+0x67/0xe0
[ 1598.089075]:  __x64_sys_write+0x1a/0x20
[ 1598.093429]:  do_syscall_64+0x57/0x190
[ 1598.098077]:  entry_SYSCALL_64_after_hwframe+0x5c/0xc1
[ 1598.103748]: RIP: 0033:0x7f1e15a97077dt
[ 1598.108344]: Code: 64 89 02 48 c7 c0 ff ff ff ff eb bb 0f 1f 80 00 00 00 00 f3 0f 1e fa 64 8b 04 25 18 00 00 00 85 c0 75 10 b8 01 00 00 00 0f 05 <48> 3d 00 f0 ff ff 77 51 c3 48 83 ec 28 48 89 54 24 18 48 89 74 24
[ 1598.125984]: RSP: 002b:00007fffb8bb39c8 EFLAGS: 00000246 ORIG_RAX: 0000000000000001
[ 1598.136294]: RAX: ffffffffffffffda RBX: 0000000000000002 RCX: 00007f1e15a97077
[ 1598.143107]: RDX: 0000000000000002 RSI: 000055754150dee0 RDI: 0000000000000001
[ 1598.150081]: RBP: 000055754150dee0 R08: 000000000000000a R09: 0000000000000001
[ 1598.156735]: R10: 0000557540e13017 R11: 0000000000000246 R12: 0000000000000002
[ 1598.163456]: R13: 00007f1e15b766a0 R14: 00007f1e15b724a0 R15: 00007f1e15b718a0
[ 1598.171192]: disable async PF for cpu 1
@#$ EXIT CODE $#@
0
