[    0.000000] Linux version 5.0.0-36-generic (buildd@lgw01-amd64-060) (gcc version 7.4.0 (Ubuntu 7.4.0-1ubuntu1~18.04.1)) #39~18.04.1-Ubuntu SMP Tue Nov 12 11:09:50 UTC 2019 (Ubuntu 5.0.0-36.39~18.04.1-generic 5.0.21)
[    0.000000] Command line: BOOT_IMAGE=/ROOT/delphix.gX9jjSh/root@/boot/vmlinuz-5.0.0-36-generic root=ZFS=rpool/ROOT/delphix.gX9jjSh/root ro console=tty0 console=ttyS0,38400n8 mitigations=off ipv6.disable=1 elevator=noop crashkernel=256M,high crashkernel=256M,low
[    0.000000] KERNEL supported cpus:
[    0.000000]   Intel GenuineIntel
[    0.000000]   AMD AuthenticAMD
[    0.000000]   Hygon HygonGenuine
[    0.000000]   Centaur CentaurHauls
[    0.000000] Disabled fast string operations
[    0.000000] x86/fpu: Supporting XSAVE feature 0x001: 'x87 floating point registers'
[    0.000000] x86/fpu: Supporting XSAVE feature 0x002: 'SSE registers'
[    0.000000] x86/fpu: Supporting XSAVE feature 0x004: 'AVX registers'
[    0.000000] x86/fpu: xstate_offset[2]:  576, xstate_sizes[2]:  256
[    0.000000] x86/fpu: Enabled xstate features 0x7, context size is 832 bytes, using 'standard' format.
[    0.000000] BIOS-provided physical RAM map:
[    0.000000] BIOS-e820: [mem 0x0000000000000000-0x000000000009f7ff] usable
[    0.000000] BIOS-e820: [mem 0x000000000009f800-0x000000000009ffff] reserved
[    0.000000] BIOS-e820: [mem 0x00000000000ca000-0x00000000000cbfff] reserved
[    0.000000] BIOS-e820: [mem 0x00000000000dc000-0x00000000000fffff] reserved
[    0.000000] BIOS-e820: [mem 0x0000000000100000-0x00000000bfeeffff] usable
[    0.000000] BIOS-e820: [mem 0x00000000bfef0000-0x00000000bfefefff] ACPI data
[    0.000000] BIOS-e820: [mem 0x00000000bfeff000-0x00000000bfefffff] ACPI NVS
[    0.000000] BIOS-e820: [mem 0x00000000bff00000-0x00000000bfffffff] usable
[    0.000000] BIOS-e820: [mem 0x00000000f0000000-0x00000000f7ffffff] reserved
[    0.000000] BIOS-e820: [mem 0x00000000fec00000-0x00000000fec0ffff] reserved
[    0.000000] BIOS-e820: [mem 0x00000000fee00000-0x00000000fee00fff] reserved
[    0.000000] BIOS-e820: [mem 0x00000000fffe0000-0x00000000ffffffff] reserved
[    0.000000] BIOS-e820: [mem 0x0000000100000000-0x000000023fffffff] usable
[    0.000000] NX (Execute Disable) protection: active
[    0.000000] SMBIOS 2.4 present.
[    0.000000] DMI: VMware, Inc. VMware Virtual Platform/440BX Desktop Reference Platform, BIOS 6.00 04/14/2014
[    0.000000] Hypervisor detected: VMware
[    0.000000] vmware: TSC freq read from hypervisor : 2400.000 MHz
[    0.000000] vmware: Host bus clock speed read from hypervisor : 66000000 Hz
[    0.000000] vmware: using sched offset of 19312235313 ns
[    0.000002] tsc: Detected 2400.000 MHz processor
[    0.004973] e820: update [mem 0x00000000-0x00000fff] usable ==> reserved
[    0.004975] e820: remove [mem 0x000a0000-0x000fffff] usable
[    0.004980] last_pfn = 0x240000 max_arch_pfn = 0x400000000
[    0.005032] MTRR default type: uncachable
[    0.005033] MTRR fixed ranges enabled:
[    0.005034]   00000-9FFFF write-back
[    0.005034]   A0000-BFFFF uncachable
[    0.005035]   C0000-CBFFF write-protect
[    0.005036]   CC000-EFFFF uncachable
[    0.005036]   F0000-FFFFF write-protect
[    0.005037] MTRR variable ranges enabled:
[    0.005038]   0 base 00C0000000 mask FFC0000000 uncachable
[    0.005039]   1 base 0000000000 mask FE00000000 write-back
[    0.005040]   2 base 0200000000 mask FFC0000000 write-back
[    0.005040]   3 disabled
[    0.005041]   4 disabled
[    0.005041]   5 disabled
[    0.005042]   6 disabled
[    0.005042]   7 disabled
[    0.005066] x86/PAT: PAT MSR is 0, disabled.
[    0.005090] total RAM covered: 8192M
[    0.005591] Found optimal setting for mtrr clean up
[    0.005592]  gran_size: 64K 	chunk_size: 64K 	num_reg: 4  	lose cover RAM: 0G
[    0.005664] e820: update [mem 0xc0000000-0xffffffff] usable ==> reserved
[    0.005667] x86/PAT: Configuration [0-7]: WB  WT  UC- UC  WB  WT  UC- UC  
[    0.005676] last_pfn = 0xc0000 max_arch_pfn = 0x400000000
[    0.021509] found SMP MP-table at [mem 0x000f6bf0-0x000f6bff]
[    0.021704] check: Scanning 1 areas for low memory corruption
[    0.021762] Kernel/User page tables isolation: disabled on command line.
[    0.021791] BRK [0x11f802000, 0x11f802fff] PGTABLE
[    0.021794] BRK [0x11f803000, 0x11f803fff] PGTABLE
[    0.021795] BRK [0x11f804000, 0x11f804fff] PGTABLE
[    0.021844] BRK [0x11f805000, 0x11f805fff] PGTABLE
[    0.021846] BRK [0x11f806000, 0x11f806fff] PGTABLE
[    0.021960] BRK [0x11f807000, 0x11f807fff] PGTABLE
[    0.021971] BRK [0x11f808000, 0x11f808fff] PGTABLE
[    0.022006] BRK [0x11f809000, 0x11f809fff] PGTABLE
[    0.022199] RAMDISK: [mem 0x2ef4b000-0x3379cfff]
[    0.022245] ACPI: Early table checksum verification disabled
[    0.022324] ACPI: RSDP 0x00000000000F6B80 000024 (v02 PTLTD )
[    0.022329] ACPI: XSDT 0x00000000BFEF1152 00005C (v01 INTEL  440BX    06040000 VMW  01324272)
[    0.022337] ACPI: FACP 0x00000000BFEFEE73 0000F4 (v04 INTEL  440BX    06040000 PTL  000F4240)
[    0.022346] ACPI: DSDT 0x00000000BFEF1400 00DA73 (v01 PTLTD  Custom   06040000 MSFT 03000001)
[    0.022352] ACPI: FACS 0x00000000BFEFFFC0 000040
[    0.022356] ACPI: FACS 0x00000000BFEFFFC0 000040
[    0.022361] ACPI: BOOT 0x00000000BFEF13D8 000028 (v01 PTLTD  $SBFTBL$ 06040000  LTP 00000001)
[    0.022366] ACPI: APIC 0x00000000BFEF137A 00005E (v01 PTLTD  ? APIC   06040000  LTP 00000000)
[    0.022371] ACPI: MCFG 0x00000000BFEF133E 00003C (v01 PTLTD  $PCITBL$ 06040000  LTP 00000001)
[    0.022376] ACPI: SRAT 0x00000000BFEF124E 0000F0 (v02 VMWARE MEMPLUG  06040000 VMW  00000001)
[    0.022381] ACPI: HPET 0x00000000BFEF1216 000038 (v01 VMWARE VMW HPET 06040000 VMW  00000001)
[    0.022386] ACPI: WAET 0x00000000BFEF11EE 000028 (v01 VMWARE VMW WAET 06040000 VMW  00000001)
[    0.022402] ACPI: Local APIC address 0xfee00000
[    0.022487] SRAT: PXM 0 -> APIC 0x00 -> Node 0
[    0.022488] SRAT: PXM 0 -> APIC 0x02 -> Node 0
[    0.022493] ACPI: SRAT: Node 0 PXM 0 [mem 0x00000000-0x0009ffff]
[    0.022494] ACPI: SRAT: Node 0 PXM 0 [mem 0x00100000-0x0fffffff]
[    0.022495] ACPI: SRAT: Node 0 PXM 0 [mem 0x10000000-0xbfffffff]
[    0.022496] ACPI: SRAT: Node 0 PXM 0 [mem 0x100000000-0x23fffffff]
[    0.022500] NUMA: Node 0 [mem 0x00000000-0x0009ffff] + [mem 0x00100000-0x0fffffff] -> [mem 0x00000000-0x0fffffff]
[    0.022501] NUMA: Node 0 [mem 0x00000000-0x0fffffff] + [mem 0x10000000-0xbfffffff] -> [mem 0x00000000-0xbfffffff]
[    0.022503] NUMA: Node 0 [mem 0x00000000-0xbfffffff] + [mem 0x100000000-0x23fffffff] -> [mem 0x00000000-0x23fffffff]
[    0.022513] NODE_DATA(0) allocated [mem 0x23ffd1000-0x23fffbfff]
[    0.023003] Reserving 256MB of low memory at 2800MB for crashkernel (System low RAM: 3071MB)
[    0.023005] Reserving 256MB of memory at 8944MB for crashkernel (System RAM: 8191MB)
[    0.023068] Zone ranges:
[    0.023069]   DMA      [mem 0x0000000000001000-0x0000000000ffffff]
[    0.023071]   DMA32    [mem 0x0000000001000000-0x00000000ffffffff]
[    0.023072]   Normal   [mem 0x0000000100000000-0x000000023fffffff]
[    0.023073]   Device   empty
[    0.023074] Movable zone start for each node
[    0.023077] Early memory node ranges
[    0.023078]   node   0: [mem 0x0000000000001000-0x000000000009efff]
[    0.023079]   node   0: [mem 0x0000000000100000-0x00000000bfeeffff]
[    0.023080]   node   0: [mem 0x00000000bff00000-0x00000000bfffffff]
[    0.023081]   node   0: [mem 0x0000000100000000-0x000000023fffffff]
[    0.023123] Zeroed struct page in unavailable ranges: 114 pages
[    0.023124] Initmem setup node 0 [mem 0x0000000000001000-0x000000023fffffff]
[    0.023126] On node 0 totalpages: 2097038
[    0.023127]   DMA zone: 64 pages used for memmap
[    0.023128]   DMA zone: 21 pages reserved
[    0.023129]   DMA zone: 3998 pages, LIFO batch:0
[    0.023631]   DMA32 zone: 12224 pages used for memmap
[    0.023632]   DMA32 zone: 782320 pages, LIFO batch:63
[    0.107637]   Normal zone: 20480 pages used for memmap
[    0.107640]   Normal zone: 1310720 pages, LIFO batch:63
[    0.255769] ACPI: PM-Timer IO Port: 0x1008
[    0.255776] ACPI: Local APIC address 0xfee00000
[    0.255794] ACPI: LAPIC_NMI (acpi_id[0x00] high edge lint[0x1])
[    0.255795] ACPI: LAPIC_NMI (acpi_id[0x01] high edge lint[0x1])
[    0.255867] IOAPIC[0]: apic_id 1, version 17, address 0xfec00000, GSI 0-23
[    0.255872] ACPI: INT_SRC_OVR (bus 0 bus_irq 0 global_irq 2 high edge)
[    0.255876] ACPI: IRQ0 used by override.
[    0.255877] ACPI: IRQ9 used by override.
[    0.255880] Using ACPI (MADT) for SMP configuration information
[    0.255883] ACPI: HPET id: 0x8086af01 base: 0xfed00000
[    0.255906] smpboot: Allowing 2 CPUs, 0 hotplug CPUs
[    0.255941] PM: Registered nosave memory: [mem 0x00000000-0x00000fff]
[    0.255943] PM: Registered nosave memory: [mem 0x0009f000-0x0009ffff]
[    0.255943] PM: Registered nosave memory: [mem 0x000a0000-0x000c9fff]
[    0.255944] PM: Registered nosave memory: [mem 0x000ca000-0x000cbfff]
[    0.255945] PM: Registered nosave memory: [mem 0x000cc000-0x000dbfff]
[    0.255946] PM: Registered nosave memory: [mem 0x000dc000-0x000fffff]
[    0.255947] PM: Registered nosave memory: [mem 0xbfef0000-0xbfefefff]
[    0.255948] PM: Registered nosave memory: [mem 0xbfeff000-0xbfefffff]
[    0.255949] PM: Registered nosave memory: [mem 0xc0000000-0xefffffff]
[    0.255950] PM: Registered nosave memory: [mem 0xf0000000-0xf7ffffff]
[    0.255951] PM: Registered nosave memory: [mem 0xf8000000-0xfebfffff]
[    0.255951] PM: Registered nosave memory: [mem 0xfec00000-0xfec0ffff]
[    0.255952] PM: Registered nosave memory: [mem 0xfec10000-0xfedfffff]
[    0.255953] PM: Registered nosave memory: [mem 0xfee00000-0xfee00fff]
[    0.255954] PM: Registered nosave memory: [mem 0xfee01000-0xfffdffff]
[    0.255954] PM: Registered nosave memory: [mem 0xfffe0000-0xffffffff]
[    0.255957] [mem 0xc0000000-0xefffffff] available for PCI devices
[    0.255958] Booting paravirtualized kernel on VMware hypervisor
[    0.255962] clocksource: refined-jiffies: mask: 0xffffffff max_cycles: 0xffffffff, max_idle_ns: 7645519600211568 ns
[    0.255977] random: get_random_bytes called from start_kernel+0x97/0x516 with crng_init=0
[    0.255984] setup_percpu: NR_CPUS:8192 nr_cpumask_bits:2 nr_cpu_ids:2 nr_node_ids:1
[    0.258647] percpu: Embedded 46 pages/cpu s151552 r8192 d28672 u1048576
[    0.258654] pcpu-alloc: s151552 r8192 d28672 u1048576 alloc=1*2097152
[    0.258655] pcpu-alloc: [0] 0 1 
[    0.258688] Built 1 zonelists, mobility grouping on.  Total pages: 2064249
[    0.258689] Policy zone: Normal
[    0.258691] Kernel command line: BOOT_IMAGE=/ROOT/delphix.gX9jjSh/root@/boot/vmlinuz-5.0.0-36-generic root=ZFS=rpool/ROOT/delphix.gX9jjSh/root ro console=tty0 console=ttyS0,38400n8 mitigations=off ipv6.disable=1 elevator=noop crashkernel=256M,high crashkernel=256M,low
[    0.345968] Calgary: detecting Calgary via BIOS EBDA area
[    0.345971] Calgary: Unable to locate Rio Grande table in EBDA - bailing!
[    0.370032] Memory: 7559300K/8388152K available (14339K kernel code, 2336K rwdata, 4416K rodata, 2588K init, 5192K bss, 828852K reserved, 0K cma-reserved)
[    0.370419] SLUB: HWalign=64, Order=0-3, MinObjects=0, CPUs=2, Nodes=1
[    0.370440] ftrace: allocating 41686 entries in 163 pages
[    0.388619] rcu: Hierarchical RCU implementation.
[    0.388622] rcu: 	RCU restricting CPUs from NR_CPUS=8192 to nr_cpu_ids=2.
[    0.388624] 	Tasks RCU enabled.
[    0.388625] rcu: RCU calculated value of scheduler-enlistment delay is 25 jiffies.
[    0.388626] rcu: Adjusting geometry for rcu_fanout_leaf=16, nr_cpu_ids=2
[    0.392274] NR_IRQS: 524544, nr_irqs: 440, preallocated irqs: 16
[    0.393995] Console: colour VGA+ 80x25
[    0.402530] printk: console [tty0] enabled
[    0.564180] printk: console [ttyS0] enabled
[    0.565139] ACPI: Core revision 20181213
[    0.566409] clocksource: hpet: mask: 0xffffffff max_cycles: 0xffffffff, max_idle_ns: 133484882848 ns
[    0.568260] hpet clockevent registered
[    0.568320] APIC: Switch to symmetric I/O mode setup
[    0.569368] x2apic: IRQ remapping doesn't support X2APIC mode
[    0.571275] ..TIMER: vector=0x30 apic1=0 pin1=2 apic2=-1 pin2=-1
[    0.572620] clocksource: tsc-early: mask: 0xffffffffffffffff max_cycles: 0x22983777dd9, max_idle_ns: 440795300422 ns
[    0.574925] Calibrating delay loop (skipped) preset value.. 4800.00 BogoMIPS (lpj=9600000)
[    0.578906] pid_max: default: 32768 minimum: 301
[    0.580012] LSM: Security Framework initializing
[    0.580956] Yama: becoming mindful.
[    0.581765] AppArmor: AppArmor initialized
[    0.595393] Dentry cache hash table entries: 1048576 (order: 11, 8388608 bytes)
[    0.603245] Inode-cache hash table entries: 524288 (order: 10, 4194304 bytes)
[    0.604771] Mount-cache hash table entries: 16384 (order: 5, 131072 bytes)
[    0.606207] Mountpoint-cache hash table entries: 16384 (order: 5, 131072 bytes)
[    0.607340] Disabled fast string operations
[    0.608189] Last level iTLB entries: 4KB 512, 2MB 8, 4MB 8
[    0.609204] Last level dTLB entries: 4KB 512, 2MB 0, 4MB 0, 1GB 4
[    0.610905] Speculative Store Bypass: Vulnerable
[    0.611918] Freeing SMP alternatives memory: 36K
[    0.615333] smpboot: CPU0: Intel(R) Xeon(R) CPU E5-2695 v2 @ 2.40GHz (family: 0x6, model: 0x3e, stepping: 0x4)
[    0.619285] Performance Events: IvyBridge events, core PMU driver.
[    0.620495] core: CPUID marked event: 'cpu cycles' unavailable
[    0.621570] core: CPUID marked event: 'instructions' unavailable
[    0.622903] core: CPUID marked event: 'bus cycles' unavailable
[    0.624076] core: CPUID marked event: 'cache references' unavailable
[    0.625271] core: CPUID marked event: 'cache misses' unavailable
[    0.626371] core: CPUID marked event: 'branch instructions' unavailable
[    0.626903] core: CPUID marked event: 'branch misses' unavailable
[    0.628051] ... version:                1
[    0.628795] ... bit width:              48
[    0.629608] ... generic registers:      4
[    0.630903] ... value mask:             0000ffffffffffff
[    0.631909] ... max period:             000000007fffffff
[    0.633002] ... fixed-purpose events:   0
[    0.633790] ... event mask:             000000000000000f
[    0.635055] rcu: Hierarchical SRCU implementation.
[    0.637022] random: crng done (trusting CPU's manufacturer)
[    0.638310] NMI watchdog: Perf NMI watchdog permanently disabled
[    0.639072] smp: Bringing up secondary CPUs ...
[    0.640458] x86: Booting SMP configuration:
[    0.641257] .... node  #0, CPUs:      #1
[    0.182210] Disabled fast string operations
[    0.182210] smpboot: CPU 1 Converting physical 2 to logical package 1
[    0.647525] smp: Brought up 1 node, 2 CPUs
[    0.647686] smpboot: Max logical packages: 2
[    0.648544] smpboot: Total of 2 processors activated (9600.00 BogoMIPS)
[    0.651550] devtmpfs: initialized
[    0.651712] x86/mm: Memory block size: 128MB
[    0.655268] PM: Registering ACPI NVS region [mem 0xbfeff000-0xbfefffff] (4096 bytes)
[    0.656604] clocksource: jiffies: mask: 0xffffffff max_cycles: 0xffffffff, max_idle_ns: 7645041785100000 ns
[    0.656764] futex hash table entries: 512 (order: 3, 32768 bytes)
[    0.660234] pinctrl core: initialized pinctrl subsystem
[    0.661551] RTC time: 00:00:48, date: 2019-12-06
[    0.662733] NET: Registered protocol family 16
[    0.663061] audit: initializing netlink subsys (disabled)
[    0.664236] audit: type=2000 audit(1575590448.092:1): state=initialized audit_enabled=0 res=1
[    0.664236] EISA bus registered
[    0.667583] cpuidle: using governor ladder
[    0.668366] cpuidle: using governor menu
[    0.669193] Simple Boot Flag at 0x36 set to 0x80
[    0.670087] ACPI: bus type PCI registered
[    0.670905] acpiphp: ACPI Hot Plug PCI Controller Driver version: 0.5
[    0.672578] PCI: MMCONFIG for domain 0000 [bus 00-7f] at [mem 0xf0000000-0xf7ffffff] (base 0xf0000000)
[    0.674319] PCI: MMCONFIG at [mem 0xf0000000-0xf7ffffff] reserved in E820
[    0.674917] PCI: Using configuration type 1 for base access
[    0.676049] core: PMU erratum BJ122, BV98, HSD29 workaround disabled, HT off
[    0.680303] HugeTLB registered 2.00 MiB page size, pre-allocated 0 pages
[    0.680303] ACPI: Added _OSI(Module Device)
[    0.683717] ACPI: Added _OSI(Processor Device)
[    0.684590] ACPI: Added _OSI(3.0 _SCP Extensions)
[    0.685456] ACPI: Added _OSI(Processor Aggregator Device)
[    0.686448] ACPI: Added _OSI(Linux-Dell-Video)
[    0.686906] ACPI: Added _OSI(Linux-Lenovo-NV-HDMI-Audio)
[    0.687878] ACPI: Added _OSI(Linux-HPI-Hybrid-Graphics)
[    0.702147] ACPI: 1 ACPI AML tables successfully acquired and loaded
[    0.705510] ACPI: [Firmware Bug]: BIOS _OSI(Linux) query ignored
[    0.706918] ACPI: BIOS _OSI(Darwin) query ignored
[    0.709865] ACPI: Interpreter enabled
[    0.710926] ACPI: (supports S0 S1 S4 S5)
[    0.711691] ACPI: Using IOAPIC for interrupt routing
[    0.712716] PCI: Using host bridge windows from ACPI; if necessary, use "pci=nocrs" and report a bug
[    0.715262] ACPI: Enabled 4 GPEs in block 00 to 0F
[    0.776784] ACPI: PCI Root Bridge [PCI0] (domain 0000 [bus 00-7f])
[    0.777951] acpi PNP0A03:00: _OSC: OS supports [ExtendedConfig ASPM ClockPM Segments MSI]
[    0.779208] acpi PNP0A03:00: _OSC: platform does not support [AER LTR]
[    0.780742] acpi PNP0A03:00: _OSC: OS now controls [PCIeHotplug SHPCHotplug PME PCIeCapability]
[    0.785282] PCI host bridge to bus 0000:00
[    0.786046] pci_bus 0000:00: root bus resource [mem 0x000a0000-0x000bffff window]
[    0.786904] pci_bus 0000:00: root bus resource [mem 0x000cc000-0x000cffff window]
[    0.788344] pci_bus 0000:00: root bus resource [mem 0x000d0000-0x000d3fff window]
[    0.789686] pci_bus 0000:00: root bus resource [mem 0x000d4000-0x000d7fff window]
[    0.790905] pci_bus 0000:00: root bus resource [mem 0x000d8000-0x000dbfff window]
[    0.792253] pci_bus 0000:00: root bus resource [mem 0xc0000000-0xfebfffff window]
[    0.793631] pci_bus 0000:00: root bus resource [io  0x0000-0x0cf7 window]
[    0.794904] pci_bus 0000:00: root bus resource [io  0x0d00-0xfeff window]
[    0.796126] pci_bus 0000:00: root bus resource [bus 00-7f]
[    0.797229] pci 0000:00:00.0: [8086:7190] type 00 class 0x060000
[    0.798950] pci 0000:00:01.0: [8086:7191] type 01 class 0x060400
[    0.800398] pci 0000:00:07.0: [8086:7110] type 00 class 0x060100
[    0.801472] pci 0000:00:07.1: [8086:7111] type 00 class 0x01018a
[    0.802907] pci 0000:00:07.1: reg 0x20: [io  0x1060-0x106f]
[    0.803483] pci 0000:00:07.1: legacy IDE quirk: reg 0x10: [io  0x01f0-0x01f7]
[    0.804765] pci 0000:00:07.1: legacy IDE quirk: reg 0x14: [io  0x03f6]
[    0.805940] pci 0000:00:07.1: legacy IDE quirk: reg 0x18: [io  0x0170-0x0177]
[    0.806903] pci 0000:00:07.1: legacy IDE quirk: reg 0x1c: [io  0x0376]
[    0.808511] pci 0000:00:07.3: [8086:7113] type 00 class 0x068000
[    0.810238] pci 0000:00:07.3: quirk: [io  0x1000-0x103f] claimed by PIIX4 ACPI
[    0.810920] pci 0000:00:07.3: quirk: [io  0x1040-0x104f] claimed by PIIX4 SMB
[    0.812663] pci 0000:00:07.7: [15ad:0740] type 00 class 0x088000
[    0.813371] pci 0000:00:07.7: reg 0x10: [io  0x1080-0x10bf]
[    0.814906] pci 0000:00:07.7: reg 0x14: [mem 0xfebfe000-0xfebfffff 64bit]
[    0.818526] pci 0000:00:0f.0: [15ad:0405] type 00 class 0x030000
[    0.819484] pci 0000:00:0f.0: reg 0x10: [io  0x1070-0x107f]
[    0.820710] pci 0000:00:0f.0: reg 0x14: [mem 0xec000000-0xefffffff pref]
[    0.821734] pci 0000:00:0f.0: reg 0x18: [mem 0xfe000000-0xfe7fffff]
[    0.826326] pci 0000:00:0f.0: reg 0x30: [mem 0x00000000-0x00007fff pref]
[    0.827431] pci 0000:00:10.0: [1000:0030] type 00 class 0x010000
[    0.828363] pci 0000:00:10.0: reg 0x10: [io  0x1400-0x14ff]
[    0.829131] pci 0000:00:10.0: reg 0x14: [mem 0xfeba0000-0xfebbffff 64bit]
[    0.830161] pci 0000:00:10.0: reg 0x1c: [mem 0xfebc0000-0xfebdffff 64bit]
[    0.831568] pci 0000:00:10.0: reg 0x30: [mem 0x00000000-0x00003fff pref]
[    0.832036] pci 0000:00:11.0: [15ad:0790] type 01 class 0x060401
[    0.833449] pci 0000:00:15.0: [15ad:07a0] type 01 class 0x060400
[    0.834335] pci 0000:00:15.0: PME# supported from D0 D3hot D3cold
[    0.835196] pci 0000:00:15.1: [15ad:07a0] type 01 class 0x060400
[    0.836066] pci 0000:00:15.1: PME# supported from D0 D3hot D3cold
[    0.836516] pci 0000:00:15.2: [15ad:07a0] type 01 class 0x060400
[    0.837374] pci 0000:00:15.2: PME# supported from D0 D3hot D3cold
[    0.837895] pci 0000:00:15.3: [15ad:07a0] type 01 class 0x060400
[    0.838762] pci 0000:00:15.3: PME# supported from D0 D3hot D3cold
[    0.839273] pci 0000:00:15.4: [15ad:07a0] type 01 class 0x060400
[    0.840160] pci 0000:00:15.4: PME# supported from D0 D3hot D3cold
[    0.840636] pci 0000:00:15.5: [15ad:07a0] type 01 class 0x060400
[    0.841510] pci 0000:00:15.5: PME# supported from D0 D3hot D3cold
[    0.841968] pci 0000:00:15.6: [15ad:07a0] type 01 class 0x060400
[    0.842859] pci 0000:00:15.6: PME# supported from D0 D3hot D3cold
[    0.843326] pci 0000:00:15.7: [15ad:07a0] type 01 class 0x060400
[    0.844200] pci 0000:00:15.7: PME# supported from D0 D3hot D3cold
[    0.844816] pci 0000:00:16.0: [15ad:07a0] type 01 class 0x060400
[    0.845685] pci 0000:00:16.0: PME# supported from D0 D3hot D3cold
[    0.846153] pci 0000:00:16.1: [15ad:07a0] type 01 class 0x060400
[    0.847023] pci 0000:00:16.1: PME# supported from D0 D3hot D3cold
[    0.847482] pci 0000:00:16.2: [15ad:07a0] type 01 class 0x060400
[    0.848330] pci 0000:00:16.2: PME# supported from D0 D3hot D3cold
[    0.848797] pci 0000:00:16.3: [15ad:07a0] type 01 class 0x060400
[    0.849683] pci 0000:00:16.3: PME# supported from D0 D3hot D3cold
[    0.850171] pci 0000:00:16.4: [15ad:07a0] type 01 class 0x060400
[    0.851050] pci 0000:00:16.4: PME# supported from D0 D3hot D3cold
[    0.851549] pci 0000:00:16.5: [15ad:07a0] type 01 class 0x060400
[    0.852504] pci 0000:00:16.5: PME# supported from D0 D3hot D3cold
[    0.853021] pci 0000:00:16.6: [15ad:07a0] type 01 class 0x060400
[    0.853896] pci 0000:00:16.6: PME# supported from D0 D3hot D3cold
[    0.854355] pci 0000:00:16.7: [15ad:07a0] type 01 class 0x060400
[    0.855218] pci 0000:00:16.7: PME# supported from D0 D3hot D3cold
[    0.855820] pci 0000:00:17.0: [15ad:07a0] type 01 class 0x060400
[    0.856665] pci 0000:00:17.0: PME# supported from D0 D3hot D3cold
[    0.857116] pci 0000:00:17.1: [15ad:07a0] type 01 class 0x060400
[    0.857960] pci 0000:00:17.1: PME# supported from D0 D3hot D3cold
[    0.858413] pci 0000:00:17.2: [15ad:07a0] type 01 class 0x060400
[    0.859270] pci 0000:00:17.2: PME# supported from D0 D3hot D3cold
[    0.859726] pci 0000:00:17.3: [15ad:07a0] type 01 class 0x060400
[    0.860568] pci 0000:00:17.3: PME# supported from D0 D3hot D3cold
[    0.861058] pci 0000:00:17.4: [15ad:07a0] type 01 class 0x060400
[    0.861926] pci 0000:00:17.4: PME# supported from D0 D3hot D3cold
[    0.862377] pci 0000:00:17.5: [15ad:07a0] type 01 class 0x060400
[    0.863226] pci 0000:00:17.5: PME# supported from D0 D3hot D3cold
[    0.863669] pci 0000:00:17.6: [15ad:07a0] type 01 class 0x060400
[    0.864510] pci 0000:00:17.6: PME# supported from D0 D3hot D3cold
[    0.864961] pci 0000:00:17.7: [15ad:07a0] type 01 class 0x060400
[    0.865805] pci 0000:00:17.7: PME# supported from D0 D3hot D3cold
[    0.866424] pci 0000:00:18.0: [15ad:07a0] type 01 class 0x060400
[    0.867289] pci 0000:00:18.0: PME# supported from D0 D3hot D3cold
[    0.867738] pci 0000:00:18.1: [15ad:07a0] type 01 class 0x060400
[    0.868584] pci 0000:00:18.1: PME# supported from D0 D3hot D3cold
[    0.869031] pci 0000:00:18.2: [15ad:07a0] type 01 class 0x060400
[    0.869898] pci 0000:00:18.2: PME# supported from D0 D3hot D3cold
[    0.870342] pci 0000:00:18.3: [15ad:07a0] type 01 class 0x060400
[    0.871281] pci 0000:00:18.3: PME# supported from D0 D3hot D3cold
[    0.871814] pci 0000:00:18.4: [15ad:07a0] type 01 class 0x060400
[    0.872660] pci 0000:00:18.4: PME# supported from D0 D3hot D3cold
[    0.873109] pci 0000:00:18.5: [15ad:07a0] type 01 class 0x060400
[    0.873973] pci 0000:00:18.5: PME# supported from D0 D3hot D3cold
[    0.874439] pci 0000:00:18.6: [15ad:07a0] type 01 class 0x060400
[    0.875298] pci 0000:00:18.6: PME# supported from D0 D3hot D3cold
[    0.875739] pci 0000:00:18.7: [15ad:07a0] type 01 class 0x060400
[    0.876677] pci 0000:00:18.7: PME# supported from D0 D3hot D3cold
[    0.878302] pci_bus 0000:01: extended config space not accessible
[    0.884373] pci 0000:00:01.0: PCI bridge to [bus 01]
[    0.885508] pci_bus 0000:02: extended config space not accessible
[    0.887019] acpiphp: Slot [32] registered
[    0.887815] acpiphp: Slot [33] registered
[    0.888618] acpiphp: Slot [34] registered
[    0.889384] acpiphp: Slot [35] registered
[    0.890166] acpiphp: Slot [36] registered
[    0.890932] acpiphp: Slot [37] registered
[    0.891697] acpiphp: Slot [38] registered
[    0.892499] acpiphp: Slot [39] registered
[    0.893292] acpiphp: Slot [40] registered
[    0.894058] acpiphp: Slot [41] registered
[    0.894837] acpiphp: Slot [42] registered
[    0.894934] acpiphp: Slot [43] registered
[    0.895784] acpiphp: Slot [44] registered
[    0.896578] acpiphp: Slot [45] registered
[    0.897367] acpiphp: Slot [46] registered
[    0.898153] acpiphp: Slot [47] registered
[    0.898945] acpiphp: Slot [48] registered
[    0.899714] acpiphp: Slot [49] registered
[    0.900892] acpiphp: Slot [50] registered
[    0.901790] acpiphp: Slot [51] registered
[    0.902937] acpiphp: Slot [52] registered
[    0.903752] acpiphp: Slot [53] registered
[    0.904566] acpiphp: Slot [54] registered
[    0.905335] acpiphp: Slot [55] registered
[    0.906102] acpiphp: Slot [56] registered
[    0.906935] acpiphp: Slot [57] registered
[    0.907705] acpiphp: Slot [58] registered
[    0.908475] acpiphp: Slot [59] registered
[    0.909262] acpiphp: Slot [60] registered
[    0.910081] acpiphp: Slot [61] registered
[    0.910933] acpiphp: Slot [62] registered
[    0.911796] acpiphp: Slot [63] registered
[    0.917916] pci 0000:00:11.0: PCI bridge to [bus 02] (subtractive decode)
[    0.918927] pci 0000:00:11.0:   bridge window [io  0x2000-0x3fff]
[    0.918957] pci 0000:00:11.0:   bridge window [mem 0xfd600000-0xfdffffff]
[    0.919008] pci 0000:00:11.0:   bridge window [mem 0xebb00000-0xebffffff 64bit pref]
[    0.919011] pci 0000:00:11.0:   bridge window [mem 0x000a0000-0x000bffff window] (subtractive decode)
[    0.919012] pci 0000:00:11.0:   bridge window [mem 0x000cc000-0x000cffff window] (subtractive decode)
[    0.919013] pci 0000:00:11.0:   bridge window [mem 0x000d0000-0x000d3fff window] (subtractive decode)
[    0.919014] pci 0000:00:11.0:   bridge window [mem 0x000d4000-0x000d7fff window] (subtractive decode)
[    0.919015] pci 0000:00:11.0:   bridge window [mem 0x000d8000-0x000dbfff window] (subtractive decode)
[    0.919016] pci 0000:00:11.0:   bridge window [mem 0xc0000000-0xfebfffff window] (subtractive decode)
[    0.919017] pci 0000:00:11.0:   bridge window [io  0x0000-0x0cf7 window] (subtractive decode)
[    0.919018] pci 0000:00:11.0:   bridge window [io  0x0d00-0xfeff window] (subtractive decode)
[    0.919548] pci 0000:03:00.0: [15ad:07b0] type 00 class 0x020000
[    0.920696] pci 0000:03:00.0: reg 0x10: [mem 0xfd5fb000-0xfd5fbfff]
[    0.921798] pci 0000:03:00.0: reg 0x14: [mem 0xfd5fc000-0xfd5fcfff]
[    0.922907] pci 0000:03:00.0: reg 0x18: [mem 0xfd5fe000-0xfd5fffff]
[    0.923968] pci 0000:03:00.0: reg 0x1c: [io  0x4000-0x400f]
[    0.926906] pci 0000:03:00.0: reg 0x30: [mem 0x00000000-0x0000ffff pref]
[    0.927418] pci 0000:03:00.0: supports D1 D2
[    0.927419] pci 0000:03:00.0: PME# supported from D0 D1 D2 D3hot D3cold
[    0.927852] pci 0000:03:00.0: disabling ASPM on pre-1.1 PCIe device.  You can enable it with 'pcie_aspm=force'
[    0.934981] pci 0000:00:15.0: PCI bridge to [bus 03]
[    0.935928] pci 0000:00:15.0:   bridge window [io  0x4000-0x4fff]
[    0.935960] pci 0000:00:15.0:   bridge window [mem 0xfd500000-0xfd5fffff]
[    0.936003] pci 0000:00:15.0:   bridge window [mem 0xeba00000-0xebafffff 64bit pref]
[    0.941032] pci 0000:00:15.1: PCI bridge to [bus 04]
[    0.942007] pci 0000:00:15.1:   bridge window [io  0x8000-0x8fff]
[    0.942027] pci 0000:00:15.1:   bridge window [mem 0xfd100000-0xfd1fffff]
[    0.942065] pci 0000:00:15.1:   bridge window [mem 0xeb600000-0xeb6fffff 64bit pref]
[    0.947075] pci 0000:00:15.2: PCI bridge to [bus 05]
[    0.948050] pci 0000:00:15.2:   bridge window [io  0xc000-0xcfff]
[    0.948071] pci 0000:00:15.2:   bridge window [mem 0xfcd00000-0xfcdfffff]
[    0.948108] pci 0000:00:15.2:   bridge window [mem 0xeb200000-0xeb2fffff 64bit pref]
[    0.953089] pci 0000:00:15.3: PCI bridge to [bus 06]
[    0.954126] pci 0000:00:15.3:   bridge window [mem 0xfc900000-0xfc9fffff]
[    0.954165] pci 0000:00:15.3:   bridge window [mem 0xeae00000-0xeaefffff 64bit pref]
[    0.959123] pci 0000:00:15.4: PCI bridge to [bus 07]
[    0.960143] pci 0000:00:15.4:   bridge window [mem 0xfc500000-0xfc5fffff]
[    0.960182] pci 0000:00:15.4:   bridge window [mem 0xeaa00000-0xeaafffff 64bit pref]
[    0.965049] pci 0000:00:15.5: PCI bridge to [bus 08]
[    0.966028] pci 0000:00:15.5:   bridge window [mem 0xfc100000-0xfc1fffff]
[    0.966066] pci 0000:00:15.5:   bridge window [mem 0xea600000-0xea6fffff 64bit pref]
[    0.971018] pci 0000:00:15.6: PCI bridge to [bus 09]
[    0.971970] pci 0000:00:15.6:   bridge window [mem 0xfbd00000-0xfbdfffff]
[    0.972008] pci 0000:00:15.6:   bridge window [mem 0xea200000-0xea2fffff 64bit pref]
[    0.976929] pci 0000:00:15.7: PCI bridge to [bus 0a]
[    0.977912] pci 0000:00:15.7:   bridge window [mem 0xfb900000-0xfb9fffff]
[    0.977956] pci 0000:00:15.7:   bridge window [mem 0xe9e00000-0xe9efffff 64bit pref]
[    0.982952] pci 0000:00:16.0: PCI bridge to [bus 0b]
[    0.983913] pci 0000:00:16.0:   bridge window [io  0x5000-0x5fff]
[    0.983934] pci 0000:00:16.0:   bridge window [mem 0xfd400000-0xfd4fffff]
[    0.983972] pci 0000:00:16.0:   bridge window [mem 0xeb900000-0xeb9fffff 64bit pref]
[    0.988836] pci 0000:00:16.1: PCI bridge to [bus 0c]
[    0.989790] pci 0000:00:16.1:   bridge window [io  0x9000-0x9fff]
[    0.989810] pci 0000:00:16.1:   bridge window [mem 0xfd000000-0xfd0fffff]
[    0.989848] pci 0000:00:16.1:   bridge window [mem 0xeb500000-0xeb5fffff 64bit pref]
[    0.994758] pci 0000:00:16.2: PCI bridge to [bus 0d]
[    0.994926] pci 0000:00:16.2:   bridge window [io  0xd000-0xdfff]
[    0.994946] pci 0000:00:16.2:   bridge window [mem 0xfcc00000-0xfccfffff]
[    0.994984] pci 0000:00:16.2:   bridge window [mem 0xeb100000-0xeb1fffff 64bit pref]
[    1.001048] pci 0000:00:16.3: PCI bridge to [bus 0e]
[    1.002028] pci 0000:00:16.3:   bridge window [mem 0xfc800000-0xfc8fffff]
[    1.002066] pci 0000:00:16.3:   bridge window [mem 0xead00000-0xeadfffff 64bit pref]
[    1.006940] pci 0000:00:16.4: PCI bridge to [bus 0f]
[    1.007931] pci 0000:00:16.4:   bridge window [mem 0xfc400000-0xfc4fffff]
[    1.007969] pci 0000:00:16.4:   bridge window [mem 0xea900000-0xea9fffff 64bit pref]
[    1.012894] pci 0000:00:16.5: PCI bridge to [bus 10]
[    1.013899] pci 0000:00:16.5:   bridge window [mem 0xfc000000-0xfc0fffff]
[    1.013940] pci 0000:00:16.5:   bridge window [mem 0xea500000-0xea5fffff 64bit pref]
[    1.018815] pci 0000:00:16.6: PCI bridge to [bus 11]
[    1.018968] pci 0000:00:16.6:   bridge window [mem 0xfbc00000-0xfbcfffff]
[    1.019029] pci 0000:00:16.6:   bridge window [mem 0xea100000-0xea1fffff 64bit pref]
[    1.025388] pci 0000:00:16.7: PCI bridge to [bus 12]
[    1.026435] pci 0000:00:16.7:   bridge window [mem 0xfb800000-0xfb8fffff]
[    1.026481] pci 0000:00:16.7:   bridge window [mem 0xe9d00000-0xe9dfffff 64bit pref]
[    1.031580] pci 0000:00:17.0: PCI bridge to [bus 13]
[    1.032549] pci 0000:00:17.0:   bridge window [io  0x6000-0x6fff]
[    1.032570] pci 0000:00:17.0:   bridge window [mem 0xfd300000-0xfd3fffff]
[    1.032609] pci 0000:00:17.0:   bridge window [mem 0xeb800000-0xeb8fffff 64bit pref]
[    1.037560] pci 0000:00:17.1: PCI bridge to [bus 14]
[    1.038496] pci 0000:00:17.1:   bridge window [io  0xa000-0xafff]
[    1.038516] pci 0000:00:17.1:   bridge window [mem 0xfcf00000-0xfcffffff]
[    1.038554] pci 0000:00:17.1:   bridge window [mem 0xeb400000-0xeb4fffff 64bit pref]
[    1.043484] pci 0000:00:17.2: PCI bridge to [bus 15]
[    1.044420] pci 0000:00:17.2:   bridge window [io  0xe000-0xefff]
[    1.044440] pci 0000:00:17.2:   bridge window [mem 0xfcb00000-0xfcbfffff]
[    1.044478] pci 0000:00:17.2:   bridge window [mem 0xeb000000-0xeb0fffff 64bit pref]
[    1.049420] pci 0000:00:17.3: PCI bridge to [bus 16]
[    1.050452] pci 0000:00:17.3:   bridge window [mem 0xfc700000-0xfc7fffff]
[    1.050512] pci 0000:00:17.3:   bridge window [mem 0xeac00000-0xeacfffff 64bit pref]
[    1.055428] pci 0000:00:17.4: PCI bridge to [bus 17]
[    1.056382] pci 0000:00:17.4:   bridge window [mem 0xfc300000-0xfc3fffff]
[    1.056420] pci 0000:00:17.4:   bridge window [mem 0xea800000-0xea8fffff 64bit pref]
[    1.061327] pci 0000:00:17.5: PCI bridge to [bus 18]
[    1.062304] pci 0000:00:17.5:   bridge window [mem 0xfbf00000-0xfbffffff]
[    1.062342] pci 0000:00:17.5:   bridge window [mem 0xea400000-0xea4fffff 64bit pref]
[    1.067329] pci 0000:00:17.6: PCI bridge to [bus 19]
[    1.068288] pci 0000:00:17.6:   bridge window [mem 0xfbb00000-0xfbbfffff]
[    1.068327] pci 0000:00:17.6:   bridge window [mem 0xea000000-0xea0fffff 64bit pref]
[    1.073178] pci 0000:00:17.7: PCI bridge to [bus 1a]
[    1.074157] pci 0000:00:17.7:   bridge window [mem 0xfb700000-0xfb7fffff]
[    1.074196] pci 0000:00:17.7:   bridge window [mem 0xe9c00000-0xe9cfffff 64bit pref]
[    1.079224] pci 0000:00:18.0: PCI bridge to [bus 1b]
[    1.080204] pci 0000:00:18.0:   bridge window [io  0x7000-0x7fff]
[    1.080240] pci 0000:00:18.0:   bridge window [mem 0xfd200000-0xfd2fffff]
[    1.080300] pci 0000:00:18.0:   bridge window [mem 0xeb700000-0xeb7fffff 64bit pref]
[    1.085394] pci 0000:00:18.1: PCI bridge to [bus 1c]
[    1.086388] pci 0000:00:18.1:   bridge window [io  0xb000-0xbfff]
[    1.086409] pci 0000:00:18.1:   bridge window [mem 0xfce00000-0xfcefffff]
[    1.086448] pci 0000:00:18.1:   bridge window [mem 0xeb300000-0xeb3fffff 64bit pref]
[    1.091442] pci 0000:00:18.2: PCI bridge to [bus 1d]
[    1.092439] pci 0000:00:18.2:   bridge window [mem 0xfca00000-0xfcafffff]
[    1.092477] pci 0000:00:18.2:   bridge window [mem 0xeaf00000-0xeaffffff 64bit pref]
[    1.097414] pci 0000:00:18.3: PCI bridge to [bus 1e]
[    1.098452] pci 0000:00:18.3:   bridge window [mem 0xfc600000-0xfc6fffff]
[    1.098491] pci 0000:00:18.3:   bridge window [mem 0xeab00000-0xeabfffff 64bit pref]
[    1.103589] pci 0000:00:18.4: PCI bridge to [bus 1f]
[    1.104581] pci 0000:00:18.4:   bridge window [mem 0xfc200000-0xfc2fffff]
[    1.104620] pci 0000:00:18.4:   bridge window [mem 0xea700000-0xea7fffff 64bit pref]
[    1.109710] pci 0000:00:18.5: PCI bridge to [bus 20]
[    1.110767] pci 0000:00:18.5:   bridge window [mem 0xfbe00000-0xfbefffff]
[    1.110806] pci 0000:00:18.5:   bridge window [mem 0xea300000-0xea3fffff 64bit pref]
[    1.115840] pci 0000:00:18.6: PCI bridge to [bus 21]
[    1.116894] pci 0000:00:18.6:   bridge window [mem 0xfba00000-0xfbafffff]
[    1.116937] pci 0000:00:18.6:   bridge window [mem 0xe9f00000-0xe9ffffff 64bit pref]
[    1.121980] pci 0000:00:18.7: PCI bridge to [bus 22]
[    1.122944] pci 0000:00:18.7:   bridge window [mem 0xfb600000-0xfb6fffff]
[    1.122982] pci 0000:00:18.7:   bridge window [mem 0xe9b00000-0xe9bfffff 64bit pref]
[    1.125513] ACPI: PCI Interrupt Link [LNKA] (IRQs 3 4 5 6 7 *9 10 11 14 15)
[    1.126923] ACPI: PCI Interrupt Link [LNKB] (IRQs 3 4 5 6 7 9 10 *11 14 15)
[    1.128298] ACPI: PCI Interrupt Link [LNKC] (IRQs 3 4 5 6 7 9 *10 11 14 15)
[    1.129671] ACPI: PCI Interrupt Link [LNKD] (IRQs 3 4 5 6 7 9 10 11 14 15) *0, disabled.
[    1.142142] SCSI subsystem initialized
[    1.143044] libata version 3.00 loaded.
[    1.143044] pci 0000:00:0f.0: vgaarb: setting as boot VGA device
[    1.144053] pci 0000:00:0f.0: vgaarb: VGA device added: decodes=io+mem,owns=io+mem,locks=none
[    1.145589] pci 0000:00:0f.0: vgaarb: bridge control possible
[    1.146906] vgaarb: loaded
[    1.147528] ACPI: bus type USB registered
[    1.148327] usbcore: registered new interface driver usbfs
[    1.149371] usbcore: registered new interface driver hub
[    1.150431] usbcore: registered new device driver usb
[    1.150942] pps_core: LinuxPPS API ver. 1 registered
[    1.151854] pps_core: Software ver. 5.3.6 - Copyright 2005-2007 Rodolfo Giometti <giometti@linux.it>
[    1.153522] PTP clock support registered
[    1.155018] EDAC MC: Ver: 3.0.0
[    1.156759] PCI: Using ACPI for IRQ routing
[    1.203668] PCI: pci_cache_line_size set to 64 bytes
[    1.204539] e820: reserve RAM buffer [mem 0x0009f800-0x0009ffff]
[    1.204543] e820: reserve RAM buffer [mem 0xbfef0000-0xbfffffff]
[    1.204829] NetLabel: Initializing
[    1.205545] NetLabel:  domain hash size = 128
[    1.206406] NetLabel:  protocols = UNLABELED CIPSOv4 CALIPSO
[    1.206941] NetLabel:  unlabeled traffic allowed by default
[    1.211158] hpet0: at MMIO 0xfed00000, IRQs 2, 8, 0, 0, 0, 0, 0, 0, 0, 0, 0, 0, 0, 0, 0, 0
[    1.212776] hpet0: 16 comparators, 64-bit 14.318180 MHz counter
[    1.217041] clocksource: Switched to clocksource tsc-early
[    1.242394] VFS: Disk quotas dquot_6.6.0
[    1.243263] VFS: Dquot-cache hash table entries: 512 (order 0, 4096 bytes)
[    1.244865] AppArmor: AppArmor Filesystem Enabled
[    1.245781] pnp: PnP ACPI init
[    1.246858] system 00:00: [io  0x1000-0x103f] has been reserved
[    1.248007] system 00:00: [io  0x1040-0x104f] has been reserved
[    1.249162] system 00:00: [io  0x0cf0-0x0cf1] has been reserved
[    1.250288] system 00:00: Plug and Play ACPI device, IDs PNP0c02 (active)
[    1.250355] pnp 00:01: Plug and Play ACPI device, IDs PNP0b00 (active)
[    1.250404] pnp 00:02: Plug and Play ACPI device, IDs PNP0303 (active)
[    1.250435] pnp 00:03: Plug and Play ACPI device, IDs PNP0f13 (active)
[    1.250740] system 00:04: [mem 0xfed00000-0xfed003ff] has been reserved
[    1.251985] system 00:04: Plug and Play ACPI device, IDs PNP0103 PNP0c01 (active)
[    1.255161] pnp 00:05: Plug and Play ACPI device, IDs PNP0400 (active)
[    1.255469] pnp 00:06: Plug and Play ACPI device, IDs PNP0501 (active)
[    1.255804] pnp 00:07: Plug and Play ACPI device, IDs PNP0501 (active)
[    1.256054] pnp 00:08: [dma 2]
[    1.256126] pnp 00:08: Plug and Play ACPI device, IDs PNP0700 (active)
[    1.256440] system 00:09: [io  0xfce0-0xfcff] has been reserved
[    1.257572] system 00:09: [mem 0xf0000000-0xf7ffffff] has been reserved
[    1.258812] system 00:09: [mem 0xfe800000-0xfe9fffff] has been reserved
[    1.260030] system 00:09: Plug and Play ACPI device, IDs PNP0c02 (active)
[    1.266958] pnp: PnP ACPI: found 10 devices
[    1.279112] clocksource: acpi_pm: mask: 0xffffff max_cycles: 0xffffff, max_idle_ns: 2085701024 ns
[    1.281214] pci 0000:00:15.3: bridge window [io  0x1000-0x0fff] to [bus 06] add_size 1000
[    1.281272] pci 0000:00:15.4: bridge window [io  0x1000-0x0fff] to [bus 07] add_size 1000
[    1.281331] pci 0000:00:15.5: bridge window [io  0x1000-0x0fff] to [bus 08] add_size 1000
[    1.281389] pci 0000:00:15.6: bridge window [io  0x1000-0x0fff] to [bus 09] add_size 1000
[    1.281446] pci 0000:00:15.7: bridge window [io  0x1000-0x0fff] to [bus 0a] add_size 1000
[    1.281667] pci 0000:00:16.3: bridge window [io  0x1000-0x0fff] to [bus 0e] add_size 1000
[    1.281725] pci 0000:00:16.4: bridge window [io  0x1000-0x0fff] to [bus 0f] add_size 1000
[    1.281783] pci 0000:00:16.5: bridge window [io  0x1000-0x0fff] to [bus 10] add_size 1000
[    1.281840] pci 0000:00:16.6: bridge window [io  0x1000-0x0fff] to [bus 11] add_size 1000
[    1.281898] pci 0000:00:16.7: bridge window [io  0x1000-0x0fff] to [bus 12] add_size 1000
[    1.282121] pci 0000:00:17.3: bridge window [io  0x1000-0x0fff] to [bus 16] add_size 1000
[    1.282179] pci 0000:00:17.4: bridge window [io  0x1000-0x0fff] to [bus 17] add_size 1000
[    1.282236] pci 0000:00:17.5: bridge window [io  0x1000-0x0fff] to [bus 18] add_size 1000
[    1.282327] pci 0000:00:17.6: bridge window [io  0x1000-0x0fff] to [bus 19] add_size 1000
[    1.282387] pci 0000:00:17.7: bridge window [io  0x1000-0x0fff] to [bus 1a] add_size 1000
[    1.282555] pci 0000:00:18.2: bridge window [io  0x1000-0x0fff] to [bus 1d] add_size 1000
[    1.282613] pci 0000:00:18.3: bridge window [io  0x1000-0x0fff] to [bus 1e] add_size 1000
[    1.282671] pci 0000:00:18.4: bridge window [io  0x1000-0x0fff] to [bus 1f] add_size 1000
[    1.282729] pci 0000:00:18.5: bridge window [io  0x1000-0x0fff] to [bus 20] add_size 1000
[    1.282787] pci 0000:00:18.6: bridge window [io  0x1000-0x0fff] to [bus 21] add_size 1000
[    1.282844] pci 0000:00:18.7: bridge window [io  0x1000-0x0fff] to [bus 22] add_size 1000
[    1.282874] pci 0000:00:0f.0: BAR 6: assigned [mem 0xc0000000-0xc0007fff pref]
[    1.284184] pci 0000:00:10.0: BAR 6: assigned [mem 0xc0008000-0xc000bfff pref]
[    1.285534] pci 0000:00:15.3: BAR 13: no space for [io  size 0x1000]
[    1.286682] pci 0000:00:15.3: BAR 13: failed to assign [io  size 0x1000]
[    1.287930] pci 0000:00:15.4: BAR 13: no space for [io  size 0x1000]
[    1.289150] pci 0000:00:15.4: BAR 13: failed to assign [io  size 0x1000]
[    1.290413] pci 0000:00:15.5: BAR 13: no space for [io  size 0x1000]
[    1.291576] pci 0000:00:15.5: BAR 13: failed to assign [io  size 0x1000]
[    1.292872] pci 0000:00:15.6: BAR 13: no space for [io  size 0x1000]
[    1.294055] pci 0000:00:15.6: BAR 13: failed to assign [io  size 0x1000]
[    1.295291] pci 0000:00:15.7: BAR 13: no space for [io  size 0x1000]
[    1.296437] pci 0000:00:15.7: BAR 13: failed to assign [io  size 0x1000]
[    1.297700] pci 0000:00:16.3: BAR 13: no space for [io  size 0x1000]
[    1.298862] pci 0000:00:16.3: BAR 13: failed to assign [io  size 0x1000]
[    1.300125] pci 0000:00:16.4: BAR 13: no space for [io  size 0x1000]
[    1.301300] pci 0000:00:16.4: BAR 13: failed to assign [io  size 0x1000]
[    1.302545] pci 0000:00:16.5: BAR 13: no space for [io  size 0x1000]
[    1.303712] pci 0000:00:16.5: BAR 13: failed to assign [io  size 0x1000]
[    1.304977] pci 0000:00:16.6: BAR 13: no space for [io  size 0x1000]
[    1.306123] pci 0000:00:16.6: BAR 13: failed to assign [io  size 0x1000]
[    1.307383] pci 0000:00:16.7: BAR 13: no space for [io  size 0x1000]
[    1.308532] pci 0000:00:16.7: BAR 13: failed to assign [io  size 0x1000]
[    1.309804] pci 0000:00:17.3: BAR 13: no space for [io  size 0x1000]
[    1.310970] pci 0000:00:17.3: BAR 13: failed to assign [io  size 0x1000]
[    1.312203] pci 0000:00:17.4: BAR 13: no space for [io  size 0x1000]
[    1.313388] pci 0000:00:17.4: BAR 13: failed to assign [io  size 0x1000]
[    1.314600] pci 0000:00:17.5: BAR 13: no space for [io  size 0x1000]
[    1.315785] pci 0000:00:17.5: BAR 13: failed to assign [io  size 0x1000]
[    1.317032] pci 0000:00:17.6: BAR 13: no space for [io  size 0x1000]
[    1.318202] pci 0000:00:17.6: BAR 13: failed to assign [io  size 0x1000]
[    1.319453] pci 0000:00:17.7: BAR 13: no space for [io  size 0x1000]
[    1.320749] pci 0000:00:17.7: BAR 13: failed to assign [io  size 0x1000]
[    1.321997] pci 0000:00:18.2: BAR 13: no space for [io  size 0x1000]
[    1.323193] pci 0000:00:18.2: BAR 13: failed to assign [io  size 0x1000]
[    1.324437] pci 0000:00:18.3: BAR 13: no space for [io  size 0x1000]
[    1.325634] pci 0000:00:18.3: BAR 13: failed to assign [io  size 0x1000]
[    1.326888] pci 0000:00:18.4: BAR 13: no space for [io  size 0x1000]
[    1.328044] pci 0000:00:18.4: BAR 13: failed to assign [io  size 0x1000]
[    1.329286] pci 0000:00:18.5: BAR 13: no space for [io  size 0x1000]
[    1.330459] pci 0000:00:18.5: BAR 13: failed to assign [io  size 0x1000]
[    1.331740] pci 0000:00:18.6: BAR 13: no space for [io  size 0x1000]
[    1.333118] pci 0000:00:18.6: BAR 13: failed to assign [io  size 0x1000]
[    1.334368] pci 0000:00:18.7: BAR 13: no space for [io  size 0x1000]
[    1.335551] pci 0000:00:18.7: BAR 13: failed to assign [io  size 0x1000]
[    1.336899] pci 0000:00:18.7: BAR 13: no space for [io  size 0x1000]
[    1.338508] pci 0000:00:18.7: BAR 13: failed to assign [io  size 0x1000]
[    1.340273] pci 0000:00:18.6: BAR 13: no space for [io  size 0x1000]
[    1.341999] pci 0000:00:18.6: BAR 13: failed to assign [io  size 0x1000]
[    1.343739] pci 0000:00:18.5: BAR 13: no space for [io  size 0x1000]
[    1.345420] pci 0000:00:18.5: BAR 13: failed to assign [io  size 0x1000]
[    1.346753] pci 0000:00:18.4: BAR 13: no space for [io  size 0x1000]
[    1.347901] pci 0000:00:18.4: BAR 13: failed to assign [io  size 0x1000]
[    1.349129] pci 0000:00:18.3: BAR 13: no space for [io  size 0x1000]
[    1.350277] pci 0000:00:18.3: BAR 13: failed to assign [io  size 0x1000]
[    1.351486] pci 0000:00:18.2: BAR 13: no space for [io  size 0x1000]
[    1.352686] pci 0000:00:18.2: BAR 13: failed to assign [io  size 0x1000]
[    1.353893] pci 0000:00:17.7: BAR 13: no space for [io  size 0x1000]
[    1.355054] pci 0000:00:17.7: BAR 13: failed to assign [io  size 0x1000]
[    1.356264] pci 0000:00:17.6: BAR 13: no space for [io  size 0x1000]
[    1.357429] pci 0000:00:17.6: BAR 13: failed to assign [io  size 0x1000]
[    1.358651] pci 0000:00:17.5: BAR 13: no space for [io  size 0x1000]
[    1.359797] pci 0000:00:17.5: BAR 13: failed to assign [io  size 0x1000]
[    1.361045] pci 0000:00:17.4: BAR 13: no space for [io  size 0x1000]
[    1.362269] pci 0000:00:17.4: BAR 13: failed to assign [io  size 0x1000]
[    1.363521] pci 0000:00:17.3: BAR 13: no space for [io  size 0x1000]
[    1.364789] pci 0000:00:17.3: BAR 13: failed to assign [io  size 0x1000]
[    1.366043] pci 0000:00:16.7: BAR 13: no space for [io  size 0x1000]
[    1.367189] pci 0000:00:16.7: BAR 13: failed to assign [io  size 0x1000]
[    1.368446] pci 0000:00:16.6: BAR 13: no space for [io  size 0x1000]
[    1.369658] pci 0000:00:16.6: BAR 13: failed to assign [io  size 0x1000]
[    1.370958] pci 0000:00:16.5: BAR 13: no space for [io  size 0x1000]
[    1.372126] pci 0000:00:16.5: BAR 13: failed to assign [io  size 0x1000]
[    1.373354] pci 0000:00:16.4: BAR 13: no space for [io  size 0x1000]
[    1.374503] pci 0000:00:16.4: BAR 13: failed to assign [io  size 0x1000]
[    1.375816] pci 0000:00:16.3: BAR 13: no space for [io  size 0x1000]
[    1.377134] pci 0000:00:16.3: BAR 13: failed to assign [io  size 0x1000]
[    1.378469] pci 0000:00:15.7: BAR 13: no space for [io  size 0x1000]
[    1.379761] pci 0000:00:15.7: BAR 13: failed to assign [io  size 0x1000]
[    1.381005] pci 0000:00:15.6: BAR 13: no space for [io  size 0x1000]
[    1.382153] pci 0000:00:15.6: BAR 13: failed to assign [io  size 0x1000]
[    1.383406] pci 0000:00:15.5: BAR 13: no space for [io  size 0x1000]
[    1.384547] pci 0000:00:15.5: BAR 13: failed to assign [io  size 0x1000]
[    1.385785] pci 0000:00:15.4: BAR 13: no space for [io  size 0x1000]
[    1.386932] pci 0000:00:15.4: BAR 13: failed to assign [io  size 0x1000]
[    1.388134] pci 0000:00:15.3: BAR 13: no space for [io  size 0x1000]
[    1.389330] pci 0000:00:15.3: BAR 13: failed to assign [io  size 0x1000]
[    1.390544] pci 0000:00:01.0: PCI bridge to [bus 01]
[    1.391592] pci 0000:00:11.0: PCI bridge to [bus 02]
[    1.392531] pci 0000:00:11.0:   bridge window [io  0x2000-0x3fff]
[    1.393676] pci 0000:00:11.0:   bridge window [mem 0xfd600000-0xfdffffff]
[    1.394969] pci 0000:00:11.0:   bridge window [mem 0xebb00000-0xebffffff 64bit pref]
[    1.396420] pci 0000:03:00.0: BAR 6: assigned [mem 0xfd500000-0xfd50ffff pref]
[    1.397746] pci 0000:00:15.0: PCI bridge to [bus 03]
[    1.398672] pci 0000:00:15.0:   bridge window [io  0x4000-0x4fff]
[    1.399802] pci 0000:00:15.0:   bridge window [mem 0xfd500000-0xfd5fffff]
[    1.401061] pci 0000:00:15.0:   bridge window [mem 0xeba00000-0xebafffff 64bit pref]
[    1.402569] pci 0000:00:15.1: PCI bridge to [bus 04]
[    1.403486] pci 0000:00:15.1:   bridge window [io  0x8000-0x8fff]
[    1.404626] pci 0000:00:15.1:   bridge window [mem 0xfd100000-0xfd1fffff]
[    1.405864] pci 0000:00:15.1:   bridge window [mem 0xeb600000-0xeb6fffff 64bit pref]
[    1.407304] pci 0000:00:15.2: PCI bridge to [bus 05]
[    1.408416] pci 0000:00:15.2:   bridge window [io  0xc000-0xcfff]
[    1.409593] pci 0000:00:15.2:   bridge window [mem 0xfcd00000-0xfcdfffff]
[    1.410879] pci 0000:00:15.2:   bridge window [mem 0xeb200000-0xeb2fffff 64bit pref]
[    1.412397] pci 0000:00:15.3: PCI bridge to [bus 06]
[    1.413402] pci 0000:00:15.3:   bridge window [mem 0xfc900000-0xfc9fffff]
[    1.414640] pci 0000:00:15.3:   bridge window [mem 0xeae00000-0xeaefffff 64bit pref]
[    1.416177] pci 0000:00:15.4: PCI bridge to [bus 07]
[    1.417163] pci 0000:00:15.4:   bridge window [mem 0xfc500000-0xfc5fffff]
[    1.418488] pci 0000:00:15.4:   bridge window [mem 0xeaa00000-0xeaafffff 64bit pref]
[    1.420181] pci 0000:00:15.5: PCI bridge to [bus 08]
[    1.421182] pci 0000:00:15.5:   bridge window [mem 0xfc100000-0xfc1fffff]
[    1.422481] pci 0000:00:15.5:   bridge window [mem 0xea600000-0xea6fffff 64bit pref]
[    1.423995] pci 0000:00:15.6: PCI bridge to [bus 09]
[    1.425075] pci 0000:00:15.6:   bridge window [mem 0xfbd00000-0xfbdfffff]
[    1.426336] pci 0000:00:15.6:   bridge window [mem 0xea200000-0xea2fffff 64bit pref]
[    1.427808] pci 0000:00:15.7: PCI bridge to [bus 0a]
[    1.428858] pci 0000:00:15.7:   bridge window [mem 0xfb900000-0xfb9fffff]
[    1.430189] pci 0000:00:15.7:   bridge window [mem 0xe9e00000-0xe9efffff 64bit pref]
[    1.431714] pci 0000:00:16.0: PCI bridge to [bus 0b]
[    1.432677] pci 0000:00:16.0:   bridge window [io  0x5000-0x5fff]
[    1.433806] pci 0000:00:16.0:   bridge window [mem 0xfd400000-0xfd4fffff]
[    1.435043] pci 0000:00:16.0:   bridge window [mem 0xeb900000-0xeb9fffff 64bit pref]
[    1.436568] pci 0000:00:16.1: PCI bridge to [bus 0c]
[    1.437501] pci 0000:00:16.1:   bridge window [io  0x9000-0x9fff]
[    1.438771] pci 0000:00:16.1:   bridge window [mem 0xfd000000-0xfd0fffff]
[    1.440058] pci 0000:00:16.1:   bridge window [mem 0xeb500000-0xeb5fffff 64bit pref]
[    1.441610] pci 0000:00:16.2: PCI bridge to [bus 0d]
[    1.442669] pci 0000:00:16.2:   bridge window [io  0xd000-0xdfff]
[    1.443984] pci 0000:00:16.2:   bridge window [mem 0xfcc00000-0xfccfffff]
[    1.445318] pci 0000:00:16.2:   bridge window [mem 0xeb100000-0xeb1fffff 64bit pref]
[    1.446890] pci 0000:00:16.3: PCI bridge to [bus 0e]
[    1.447847] pci 0000:00:16.3:   bridge window [mem 0xfc800000-0xfc8fffff]
[    1.449146] pci 0000:00:16.3:   bridge window [mem 0xead00000-0xeadfffff 64bit pref]
[    1.450602] pci 0000:00:16.4: PCI bridge to [bus 0f]
[    1.451561] pci 0000:00:16.4:   bridge window [mem 0xfc400000-0xfc4fffff]
[    1.452846] pci 0000:00:16.4:   bridge window [mem 0xea900000-0xea9fffff 64bit pref]
[    1.454293] pci 0000:00:16.5: PCI bridge to [bus 10]
[    1.455250] pci 0000:00:16.5:   bridge window [mem 0xfc000000-0xfc0fffff]
[    1.456515] pci 0000:00:16.5:   bridge window [mem 0xea500000-0xea5fffff 64bit pref]
[    1.457974] pci 0000:00:16.6: PCI bridge to [bus 11]
[    1.458926] pci 0000:00:16.6:   bridge window [mem 0xfbc00000-0xfbcfffff]
[    1.460198] pci 0000:00:16.6:   bridge window [mem 0xea100000-0xea1fffff 64bit pref]
[    1.461661] pci 0000:00:16.7: PCI bridge to [bus 12]
[    1.462600] pci 0000:00:16.7:   bridge window [mem 0xfb800000-0xfb8fffff]
[    1.463838] pci 0000:00:16.7:   bridge window [mem 0xe9d00000-0xe9dfffff 64bit pref]
[    1.465414] pci 0000:00:17.0: PCI bridge to [bus 13]
[    1.466353] pci 0000:00:17.0:   bridge window [io  0x6000-0x6fff]
[    1.467486] pci 0000:00:17.0:   bridge window [mem 0xfd300000-0xfd3fffff]
[    1.468752] pci 0000:00:17.0:   bridge window [mem 0xeb800000-0xeb8fffff 64bit pref]
[    1.470397] pci 0000:00:17.1: PCI bridge to [bus 14]
[    1.471326] pci 0000:00:17.1:   bridge window [io  0xa000-0xafff]
[    1.472449] pci 0000:00:17.1:   bridge window [mem 0xfcf00000-0xfcffffff]
[    1.473706] pci 0000:00:17.1:   bridge window [mem 0xeb400000-0xeb4fffff 64bit pref]
[    1.475144] pci 0000:00:17.2: PCI bridge to [bus 15]
[    1.476061] pci 0000:00:17.2:   bridge window [io  0xe000-0xefff]
[    1.477205] pci 0000:00:17.2:   bridge window [mem 0xfcb00000-0xfcbfffff]
[    1.478466] pci 0000:00:17.2:   bridge window [mem 0xeb000000-0xeb0fffff 64bit pref]
[    1.479920] pci 0000:00:17.3: PCI bridge to [bus 16]
[    1.480875] pci 0000:00:17.3:   bridge window [mem 0xfc700000-0xfc7fffff]
[    1.482156] pci 0000:00:17.3:   bridge window [mem 0xeac00000-0xeacfffff 64bit pref]
[    1.483632] pci 0000:00:17.4: PCI bridge to [bus 17]
[    1.484840] pci 0000:00:17.4:   bridge window [mem 0xfc300000-0xfc3fffff]
[    1.486103] pci 0000:00:17.4:   bridge window [mem 0xea800000-0xea8fffff 64bit pref]
[    1.487558] pci 0000:00:17.5: PCI bridge to [bus 18]
[    1.488534] pci 0000:00:17.5:   bridge window [mem 0xfbf00000-0xfbffffff]
[    1.489858] pci 0000:00:17.5:   bridge window [mem 0xea400000-0xea4fffff 64bit pref]
[    1.491314] pci 0000:00:17.6: PCI bridge to [bus 19]
[    1.492330] pci 0000:00:17.6:   bridge window [mem 0xfbb00000-0xfbbfffff]
[    1.493622] pci 0000:00:17.6:   bridge window [mem 0xea000000-0xea0fffff 64bit pref]
[    1.495063] pci 0000:00:17.7: PCI bridge to [bus 1a]
[    1.496001] pci 0000:00:17.7:   bridge window [mem 0xfb700000-0xfb7fffff]
[    1.497283] pci 0000:00:17.7:   bridge window [mem 0xe9c00000-0xe9cfffff 64bit pref]
[    1.498753] pci 0000:00:18.0: PCI bridge to [bus 1b]
[    1.499674] pci 0000:00:18.0:   bridge window [io  0x7000-0x7fff]
[    1.500838] pci 0000:00:18.0:   bridge window [mem 0xfd200000-0xfd2fffff]
[    1.502077] pci 0000:00:18.0:   bridge window [mem 0xeb700000-0xeb7fffff 64bit pref]
[    1.503516] pci 0000:00:18.1: PCI bridge to [bus 1c]
[    1.504433] pci 0000:00:18.1:   bridge window [io  0xb000-0xbfff]
[    1.505578] pci 0000:00:18.1:   bridge window [mem 0xfce00000-0xfcefffff]
[    1.506815] pci 0000:00:18.1:   bridge window [mem 0xeb300000-0xeb3fffff 64bit pref]
[    1.508292] pci 0000:00:18.2: PCI bridge to [bus 1d]
[    1.509295] pci 0000:00:18.2:   bridge window [mem 0xfca00000-0xfcafffff]
[    1.510539] pci 0000:00:18.2:   bridge window [mem 0xeaf00000-0xeaffffff 64bit pref]
[    1.511996] pci 0000:00:18.3: PCI bridge to [bus 1e]
[    1.512995] pci 0000:00:18.3:   bridge window [mem 0xfc600000-0xfc6fffff]
[    1.514247] pci 0000:00:18.3:   bridge window [mem 0xeab00000-0xeabfffff 64bit pref]
[    1.515709] pci 0000:00:18.4: PCI bridge to [bus 1f]
[    1.516657] pci 0000:00:18.4:   bridge window [mem 0xfc200000-0xfc2fffff]
[    1.517895] pci 0000:00:18.4:   bridge window [mem 0xea700000-0xea7fffff 64bit pref]
[    1.519349] pci 0000:00:18.5: PCI bridge to [bus 20]
[    1.520277] pci 0000:00:18.5:   bridge window [mem 0xfbe00000-0xfbefffff]
[    1.521587] pci 0000:00:18.5:   bridge window [mem 0xea300000-0xea3fffff 64bit pref]
[    1.523092] pci 0000:00:18.6: PCI bridge to [bus 21]
[    1.524114] pci 0000:00:18.6:   bridge window [mem 0xfba00000-0xfbafffff]
[    1.525455] pci 0000:00:18.6:   bridge window [mem 0xe9f00000-0xe9ffffff 64bit pref]
[    1.526998] pci 0000:00:18.7: PCI bridge to [bus 22]
[    1.527962] pci 0000:00:18.7:   bridge window [mem 0xfb600000-0xfb6fffff]
[    1.529255] pci 0000:00:18.7:   bridge window [mem 0xe9b00000-0xe9bfffff 64bit pref]
[    1.530747] pci_bus 0000:00: resource 4 [mem 0x000a0000-0x000bffff window]
[    1.530749] pci_bus 0000:00: resource 5 [mem 0x000cc000-0x000cffff window]
[    1.530750] pci_bus 0000:00: resource 6 [mem 0x000d0000-0x000d3fff window]
[    1.530751] pci_bus 0000:00: resource 7 [mem 0x000d4000-0x000d7fff window]
[    1.530752] pci_bus 0000:00: resource 8 [mem 0x000d8000-0x000dbfff window]
[    1.530753] pci_bus 0000:00: resource 9 [mem 0xc0000000-0xfebfffff window]
[    1.530754] pci_bus 0000:00: resource 10 [io  0x0000-0x0cf7 window]
[    1.530755] pci_bus 0000:00: resource 11 [io  0x0d00-0xfeff window]
[    1.530758] pci_bus 0000:02: resource 0 [io  0x2000-0x3fff]
[    1.530759] pci_bus 0000:02: resource 1 [mem 0xfd600000-0xfdffffff]
[    1.530760] pci_bus 0000:02: resource 2 [mem 0xebb00000-0xebffffff 64bit pref]
[    1.530761] pci_bus 0000:02: resource 4 [mem 0x000a0000-0x000bffff window]
[    1.530761] pci_bus 0000:02: resource 5 [mem 0x000cc000-0x000cffff window]
[    1.530762] pci_bus 0000:02: resource 6 [mem 0x000d0000-0x000d3fff window]
[    1.530763] pci_bus 0000:02: resource 7 [mem 0x000d4000-0x000d7fff window]
[    1.530764] pci_bus 0000:02: resource 8 [mem 0x000d8000-0x000dbfff window]
[    1.530765] pci_bus 0000:02: resource 9 [mem 0xc0000000-0xfebfffff window]
[    1.530766] pci_bus 0000:02: resource 10 [io  0x0000-0x0cf7 window]
[    1.530767] pci_bus 0000:02: resource 11 [io  0x0d00-0xfeff window]
[    1.530768] pci_bus 0000:03: resource 0 [io  0x4000-0x4fff]
[    1.530769] pci_bus 0000:03: resource 1 [mem 0xfd500000-0xfd5fffff]
[    1.530770] pci_bus 0000:03: resource 2 [mem 0xeba00000-0xebafffff 64bit pref]
[    1.530772] pci_bus 0000:04: resource 0 [io  0x8000-0x8fff]
[    1.530773] pci_bus 0000:04: resource 1 [mem 0xfd100000-0xfd1fffff]
[    1.530774] pci_bus 0000:04: resource 2 [mem 0xeb600000-0xeb6fffff 64bit pref]
[    1.530775] pci_bus 0000:05: resource 0 [io  0xc000-0xcfff]
[    1.530776] pci_bus 0000:05: resource 1 [mem 0xfcd00000-0xfcdfffff]
[    1.530777] pci_bus 0000:05: resource 2 [mem 0xeb200000-0xeb2fffff 64bit pref]
[    1.530779] pci_bus 0000:06: resource 1 [mem 0xfc900000-0xfc9fffff]
[    1.530779] pci_bus 0000:06: resource 2 [mem 0xeae00000-0xeaefffff 64bit pref]
[    1.530781] pci_bus 0000:07: resource 1 [mem 0xfc500000-0xfc5fffff]
[    1.530782] pci_bus 0000:07: resource 2 [mem 0xeaa00000-0xeaafffff 64bit pref]
[    1.530783] pci_bus 0000:08: resource 1 [mem 0xfc100000-0xfc1fffff]
[    1.530784] pci_bus 0000:08: resource 2 [mem 0xea600000-0xea6fffff 64bit pref]
[    1.530785] pci_bus 0000:09: resource 1 [mem 0xfbd00000-0xfbdfffff]
[    1.530786] pci_bus 0000:09: resource 2 [mem 0xea200000-0xea2fffff 64bit pref]
[    1.530787] pci_bus 0000:0a: resource 1 [mem 0xfb900000-0xfb9fffff]
[    1.530788] pci_bus 0000:0a: resource 2 [mem 0xe9e00000-0xe9efffff 64bit pref]
[    1.530789] pci_bus 0000:0b: resource 0 [io  0x5000-0x5fff]
[    1.530790] pci_bus 0000:0b: resource 1 [mem 0xfd400000-0xfd4fffff]
[    1.530791] pci_bus 0000:0b: resource 2 [mem 0xeb900000-0xeb9fffff 64bit pref]
[    1.530792] pci_bus 0000:0c: resource 0 [io  0x9000-0x9fff]
[    1.530793] pci_bus 0000:0c: resource 1 [mem 0xfd000000-0xfd0fffff]
[    1.530794] pci_bus 0000:0c: resource 2 [mem 0xeb500000-0xeb5fffff 64bit pref]
[    1.530795] pci_bus 0000:0d: resource 0 [io  0xd000-0xdfff]
[    1.530796] pci_bus 0000:0d: resource 1 [mem 0xfcc00000-0xfccfffff]
[    1.530797] pci_bus 0000:0d: resource 2 [mem 0xeb100000-0xeb1fffff 64bit pref]
[    1.530798] pci_bus 0000:0e: resource 1 [mem 0xfc800000-0xfc8fffff]
[    1.530799] pci_bus 0000:0e: resource 2 [mem 0xead00000-0xeadfffff 64bit pref]
[    1.530800] pci_bus 0000:0f: resource 1 [mem 0xfc400000-0xfc4fffff]
[    1.530801] pci_bus 0000:0f: resource 2 [mem 0xea900000-0xea9fffff 64bit pref]
[    1.530802] pci_bus 0000:10: resource 1 [mem 0xfc000000-0xfc0fffff]
[    1.530803] pci_bus 0000:10: resource 2 [mem 0xea500000-0xea5fffff 64bit pref]
[    1.530804] pci_bus 0000:11: resource 1 [mem 0xfbc00000-0xfbcfffff]
[    1.530805] pci_bus 0000:11: resource 2 [mem 0xea100000-0xea1fffff 64bit pref]
[    1.530806] pci_bus 0000:12: resource 1 [mem 0xfb800000-0xfb8fffff]
[    1.530807] pci_bus 0000:12: resource 2 [mem 0xe9d00000-0xe9dfffff 64bit pref]
[    1.530808] pci_bus 0000:13: resource 0 [io  0x6000-0x6fff]
[    1.530809] pci_bus 0000:13: resource 1 [mem 0xfd300000-0xfd3fffff]
[    1.530810] pci_bus 0000:13: resource 2 [mem 0xeb800000-0xeb8fffff 64bit pref]
[    1.530811] pci_bus 0000:14: resource 0 [io  0xa000-0xafff]
[    1.530812] pci_bus 0000:14: resource 1 [mem 0xfcf00000-0xfcffffff]
[    1.530813] pci_bus 0000:14: resource 2 [mem 0xeb400000-0xeb4fffff 64bit pref]
[    1.530815] pci_bus 0000:15: resource 0 [io  0xe000-0xefff]
[    1.530815] pci_bus 0000:15: resource 1 [mem 0xfcb00000-0xfcbfffff]
[    1.530816] pci_bus 0000:15: resource 2 [mem 0xeb000000-0xeb0fffff 64bit pref]
[    1.530817] pci_bus 0000:16: resource 1 [mem 0xfc700000-0xfc7fffff]
[    1.530818] pci_bus 0000:16: resource 2 [mem 0xeac00000-0xeacfffff 64bit pref]
[    1.530820] pci_bus 0000:17: resource 1 [mem 0xfc300000-0xfc3fffff]
[    1.530820] pci_bus 0000:17: resource 2 [mem 0xea800000-0xea8fffff 64bit pref]
[    1.530822] pci_bus 0000:18: resource 1 [mem 0xfbf00000-0xfbffffff]
[    1.530823] pci_bus 0000:18: resource 2 [mem 0xea400000-0xea4fffff 64bit pref]
[    1.530824] pci_bus 0000:19: resource 1 [mem 0xfbb00000-0xfbbfffff]
[    1.530825] pci_bus 0000:19: resource 2 [mem 0xea000000-0xea0fffff 64bit pref]
[    1.530826] pci_bus 0000:1a: resource 1 [mem 0xfb700000-0xfb7fffff]
[    1.530827] pci_bus 0000:1a: resource 2 [mem 0xe9c00000-0xe9cfffff 64bit pref]
[    1.530828] pci_bus 0000:1b: resource 0 [io  0x7000-0x7fff]
[    1.530829] pci_bus 0000:1b: resource 1 [mem 0xfd200000-0xfd2fffff]
[    1.530830] pci_bus 0000:1b: resource 2 [mem 0xeb700000-0xeb7fffff 64bit pref]
[    1.530831] pci_bus 0000:1c: resource 0 [io  0xb000-0xbfff]
[    1.530831] pci_bus 0000:1c: resource 1 [mem 0xfce00000-0xfcefffff]
[    1.530832] pci_bus 0000:1c: resource 2 [mem 0xeb300000-0xeb3fffff 64bit pref]
[    1.530833] pci_bus 0000:1d: resource 1 [mem 0xfca00000-0xfcafffff]
[    1.530834] pci_bus 0000:1d: resource 2 [mem 0xeaf00000-0xeaffffff 64bit pref]
[    1.530835] pci_bus 0000:1e: resource 1 [mem 0xfc600000-0xfc6fffff]
[    1.530836] pci_bus 0000:1e: resource 2 [mem 0xeab00000-0xeabfffff 64bit pref]
[    1.530837] pci_bus 0000:1f: resource 1 [mem 0xfc200000-0xfc2fffff]
[    1.530838] pci_bus 0000:1f: resource 2 [mem 0xea700000-0xea7fffff 64bit pref]
[    1.530839] pci_bus 0000:20: resource 1 [mem 0xfbe00000-0xfbefffff]
[    1.530840] pci_bus 0000:20: resource 2 [mem 0xea300000-0xea3fffff 64bit pref]
[    1.530841] pci_bus 0000:21: resource 1 [mem 0xfba00000-0xfbafffff]
[    1.530842] pci_bus 0000:21: resource 2 [mem 0xe9f00000-0xe9ffffff 64bit pref]
[    1.530843] pci_bus 0000:22: resource 1 [mem 0xfb600000-0xfb6fffff]
[    1.530844] pci_bus 0000:22: resource 2 [mem 0xe9b00000-0xe9bfffff 64bit pref]
[    1.531468] NET: Registered protocol family 2
[    1.533103] tcp_listen_portaddr_hash hash table entries: 4096 (order: 4, 65536 bytes)
[    1.535004] TCP established hash table entries: 65536 (order: 7, 524288 bytes)
[    1.537179] TCP bind hash table entries: 65536 (order: 8, 1048576 bytes)
[    1.539996] TCP: Hash tables configured (established 65536 bind 65536)
[    1.541504] UDP hash table entries: 4096 (order: 5, 131072 bytes)
[    1.542947] UDP-Lite hash table entries: 4096 (order: 5, 131072 bytes)
[    1.544589] NET: Registered protocol family 1
[    1.545487] NET: Registered protocol family 44
[    1.546359] pci 0000:00:00.0: Limiting direct PCI/PCI transfers
[    1.547670] pci 0000:00:0f.0: Video device with shadowed ROM at [mem 0x000c0000-0x000dffff]
[    1.549670] PCI: CLS 32 bytes, default 64
[    1.549789] Unpacking initramfs...
[    2.920731] Freeing initrd memory: 74056K
[    2.921660] PCI-DMA: Using software bounce buffering for IO (SWIOTLB)
[    2.923099] software IO TLB: mapped [mem 0xab000000-0xaf000000] (64MB)
[    2.924806] check: Scanning for low memory corruption every 60 seconds
[    2.929245] Initialise system trusted keyrings
[    2.930242] Key type blacklist registered
[    2.931267] workingset: timestamp_bits=36 max_order=21 bucket_order=0
[    2.935673] zbud: loaded
[    2.937182] squashfs: version 4.0 (2009/01/31) Phillip Lougher
[    2.939050] fuse init (API version 7.28)
[    2.993973] Key type asymmetric registered
[    2.994904] Asymmetric key parser 'x509' registered
[    2.996084] Block layer SCSI generic (bsg) driver version 0.4 loaded (major 243)
[    2.997671] io scheduler mq-deadline registered
[    2.999571] pcieport 0000:00:15.0: Signaling PME with IRQ 24
[    3.000730] pciehp 0000:00:15.0:pcie004: Slot #160 AttnBtn+ PwrCtrl+ MRL- AttnInd- PwrInd- HotPlug+ Surprise- Interlock- NoCompl+ LLActRep+
[    3.004173] pcieport 0000:00:15.1: Signaling PME with IRQ 25
[    3.005469] pciehp 0000:00:15.1:pcie004: Slot #161 AttnBtn+ PwrCtrl+ MRL- AttnInd- PwrInd- HotPlug+ Surprise- Interlock- NoCompl+ LLActRep+
[    3.008722] pcieport 0000:00:15.2: Signaling PME with IRQ 26
[    3.009851] pciehp 0000:00:15.2:pcie004: Slot #162 AttnBtn+ PwrCtrl+ MRL- AttnInd- PwrInd- HotPlug+ Surprise- Interlock- NoCompl+ LLActRep+
[    3.013191] pcieport 0000:00:15.3: Signaling PME with IRQ 27
[    3.014353] pciehp 0000:00:15.3:pcie004: Slot #163 AttnBtn+ PwrCtrl+ MRL- AttnInd- PwrInd- HotPlug+ Surprise- Interlock- NoCompl+ LLActRep+
[    3.017717] pcieport 0000:00:15.4: Signaling PME with IRQ 28
[    3.018883] pciehp 0000:00:15.4:pcie004: Slot #164 AttnBtn+ PwrCtrl+ MRL- AttnInd- PwrInd- HotPlug+ Surprise- Interlock- NoCompl+ LLActRep+
[    3.022210] pcieport 0000:00:15.5: Signaling PME with IRQ 29
[    3.023385] pciehp 0000:00:15.5:pcie004: Slot #165 AttnBtn+ PwrCtrl+ MRL- AttnInd- PwrInd- HotPlug+ Surprise- Interlock- NoCompl+ LLActRep+
[    3.026827] pcieport 0000:00:15.6: Signaling PME with IRQ 30
[    3.028055] pciehp 0000:00:15.6:pcie004: Slot #166 AttnBtn+ PwrCtrl+ MRL- AttnInd- PwrInd- HotPlug+ Surprise- Interlock- NoCompl+ LLActRep+
[    3.031555] pcieport 0000:00:15.7: Signaling PME with IRQ 31
[    3.032801] pciehp 0000:00:15.7:pcie004: Slot #167 AttnBtn+ PwrCtrl+ MRL- AttnInd- PwrInd- HotPlug+ Surprise- Interlock- NoCompl+ LLActRep+
[    3.036271] pcieport 0000:00:16.0: Signaling PME with IRQ 32
[    3.037442] pciehp 0000:00:16.0:pcie004: Slot #192 AttnBtn+ PwrCtrl+ MRL- AttnInd- PwrInd- HotPlug+ Surprise- Interlock- NoCompl+ LLActRep+
[    3.040993] pcieport 0000:00:16.1: Signaling PME with IRQ 33
[    3.042202] pciehp 0000:00:16.1:pcie004: Slot #193 AttnBtn+ PwrCtrl+ MRL- AttnInd- PwrInd- HotPlug+ Surprise- Interlock- NoCompl+ LLActRep+
[    3.045567] pcieport 0000:00:16.2: Signaling PME with IRQ 34
[    3.046699] pciehp 0000:00:16.2:pcie004: Slot #194 AttnBtn+ PwrCtrl+ MRL- AttnInd- PwrInd- HotPlug+ Surprise- Interlock- NoCompl+ LLActRep+
[    3.050108] pcieport 0000:00:16.3: Signaling PME with IRQ 35
[    3.051250] pciehp 0000:00:16.3:pcie004: Slot #195 AttnBtn+ PwrCtrl+ MRL- AttnInd- PwrInd- HotPlug+ Surprise- Interlock- NoCompl+ LLActRep+
[    3.054673] pcieport 0000:00:16.4: Signaling PME with IRQ 36
[    3.055954] pciehp 0000:00:16.4:pcie004: Slot #196 AttnBtn+ PwrCtrl+ MRL- AttnInd- PwrInd- HotPlug+ Surprise- Interlock- NoCompl+ LLActRep+
[    3.059402] pcieport 0000:00:16.5: Signaling PME with IRQ 37
[    3.060558] pciehp 0000:00:16.5:pcie004: Slot #197 AttnBtn+ PwrCtrl+ MRL- AttnInd- PwrInd- HotPlug+ Surprise- Interlock- NoCompl+ LLActRep+
[    3.064056] pcieport 0000:00:16.6: Signaling PME with IRQ 38
[    3.065237] pciehp 0000:00:16.6:pcie004: Slot #198 AttnBtn+ PwrCtrl+ MRL- AttnInd- PwrInd- HotPlug+ Surprise- Interlock- NoCompl+ LLActRep+
[    3.068626] pcieport 0000:00:16.7: Signaling PME with IRQ 39
[    3.069845] pciehp 0000:00:16.7:pcie004: Slot #199 AttnBtn+ PwrCtrl+ MRL- AttnInd- PwrInd- HotPlug+ Surprise- Interlock- NoCompl+ LLActRep+
[    3.073164] pcieport 0000:00:17.0: Signaling PME with IRQ 40
[    3.074419] pciehp 0000:00:17.0:pcie004: Slot #224 AttnBtn+ PwrCtrl+ MRL- AttnInd- PwrInd- HotPlug+ Surprise- Interlock- NoCompl+ LLActRep+
[    3.078122] pcieport 0000:00:17.1: Signaling PME with IRQ 41
[    3.079305] pciehp 0000:00:17.1:pcie004: Slot #225 AttnBtn+ PwrCtrl+ MRL- AttnInd- PwrInd- HotPlug+ Surprise- Interlock- NoCompl+ LLActRep+
[    3.082648] pcieport 0000:00:17.2: Signaling PME with IRQ 42
[    3.083858] pciehp 0000:00:17.2:pcie004: Slot #226 AttnBtn+ PwrCtrl+ MRL- AttnInd- PwrInd- HotPlug+ Surprise- Interlock- NoCompl+ LLActRep+
[    3.087304] pcieport 0000:00:17.3: Signaling PME with IRQ 43
[    3.088440] pciehp 0000:00:17.3:pcie004: Slot #227 AttnBtn+ PwrCtrl+ MRL- AttnInd- PwrInd- HotPlug+ Surprise- Interlock- NoCompl+ LLActRep+
[    3.091801] pcieport 0000:00:17.4: Signaling PME with IRQ 44
[    3.093017] pciehp 0000:00:17.4:pcie004: Slot #228 AttnBtn+ PwrCtrl+ MRL- AttnInd- PwrInd- HotPlug+ Surprise- Interlock- NoCompl+ LLActRep+
[    3.096460] pcieport 0000:00:17.5: Signaling PME with IRQ 45
[    3.097623] pciehp 0000:00:17.5:pcie004: Slot #229 AttnBtn+ PwrCtrl+ MRL- AttnInd- PwrInd- HotPlug+ Surprise- Interlock- NoCompl+ LLActRep+
[    3.101040] pcieport 0000:00:17.6: Signaling PME with IRQ 46
[    3.102174] pciehp 0000:00:17.6:pcie004: Slot #230 AttnBtn+ PwrCtrl+ MRL- AttnInd- PwrInd- HotPlug+ Surprise- Interlock- NoCompl+ LLActRep+
[    3.105429] pcieport 0000:00:17.7: Signaling PME with IRQ 47
[    3.106558] pciehp 0000:00:17.7:pcie004: Slot #231 AttnBtn+ PwrCtrl+ MRL- AttnInd- PwrInd- HotPlug+ Surprise- Interlock- NoCompl+ LLActRep+
[    3.109814] pcieport 0000:00:18.0: Signaling PME with IRQ 48
[    3.110933] pciehp 0000:00:18.0:pcie004: Slot #256 AttnBtn+ PwrCtrl+ MRL- AttnInd- PwrInd- HotPlug+ Surprise- Interlock- NoCompl+ LLActRep+
[    3.114181] pcieport 0000:00:18.1: Signaling PME with IRQ 49
[    3.115320] pciehp 0000:00:18.1:pcie004: Slot #257 AttnBtn+ PwrCtrl+ MRL- AttnInd- PwrInd- HotPlug+ Surprise- Interlock- NoCompl+ LLActRep+
[    3.118731] pcieport 0000:00:18.2: Signaling PME with IRQ 50
[    3.119963] pciehp 0000:00:18.2:pcie004: Slot #258 AttnBtn+ PwrCtrl+ MRL- AttnInd- PwrInd- HotPlug+ Surprise- Interlock- NoCompl+ LLActRep+
[    3.123407] pcieport 0000:00:18.3: Signaling PME with IRQ 51
[    3.124733] pciehp 0000:00:18.3:pcie004: Slot #259 AttnBtn+ PwrCtrl+ MRL- AttnInd- PwrInd- HotPlug+ Surprise- Interlock- NoCompl+ LLActRep+
[    3.128492] pcieport 0000:00:18.4: Signaling PME with IRQ 52
[    3.130052] pciehp 0000:00:18.4:pcie004: Slot #260 AttnBtn+ PwrCtrl+ MRL- AttnInd- PwrInd- HotPlug+ Surprise- Interlock- NoCompl+ LLActRep+
[    3.133424] pcieport 0000:00:18.5: Signaling PME with IRQ 53
[    3.134657] pciehp 0000:00:18.5:pcie004: Slot #261 AttnBtn+ PwrCtrl+ MRL- AttnInd- PwrInd- HotPlug+ Surprise- Interlock- NoCompl+ LLActRep+
[    3.138097] pcieport 0000:00:18.6: Signaling PME with IRQ 54
[    3.139330] pciehp 0000:00:18.6:pcie004: Slot #262 AttnBtn+ PwrCtrl+ MRL- AttnInd- PwrInd- HotPlug+ Surprise- Interlock- NoCompl+ LLActRep+
[    3.142785] pcieport 0000:00:18.7: Signaling PME with IRQ 55
[    3.144014] pciehp 0000:00:18.7:pcie004: Slot #263 AttnBtn+ PwrCtrl+ MRL- AttnInd- PwrInd- HotPlug+ Surprise- Interlock- NoCompl+ LLActRep+
[    3.147054] shpchp: Standard Hot Plug PCI Controller Driver version: 0.4
[    3.148488] intel_idle: Please enable MWAIT in BIOS SETUP
[    3.148855] ACPI: AC Adapter [ACAD] (on-line)
[    3.149786] input: Power Button as /devices/LNXSYSTM:00/LNXPWRBN:00/input/input0
[    3.151283] ACPI: Power Button [PWRF]
[    3.153045] Serial: 8250/16550 driver, 32 ports, IRQ sharing enabled
[    3.179964] 00:06: ttyS0 at I/O 0x3f8 (irq = 4, base_baud = 115200) is a 16550A
[    3.206549] 00:07: ttyS1 at I/O 0x2f8 (irq = 3, base_baud = 115200) is a 16550A
[    3.212644] Linux agpgart interface v0.103
[    3.213653] agpgart-intel 0000:00:00.0: Intel 440BX Chipset
[    3.215999] agpgart-intel 0000:00:00.0: AGP aperture is 256M @ 0x0
[    3.223373] loop: module loaded
[    3.224324] ata_piix 0000:00:07.1: version 2.13
[    3.225189] scsi host0: ata_piix
[    3.226177] scsi host1: ata_piix
[    3.226951] ata1: PATA max UDMA/33 cmd 0x1f0 ctl 0x3f6 bmdma 0x1060 irq 14
[    3.228272] ata2: PATA max UDMA/33 cmd 0x170 ctl 0x376 bmdma 0x1068 irq 15
[    3.229872] libphy: Fixed MDIO Bus: probed
[    3.230701] tun: Universal TUN/TAP device driver, 1.6
[    3.231892] PPP generic driver version 2.4.2
[    3.232876] ehci_hcd: USB 2.0 'Enhanced' Host Controller (EHCI) Driver
[    3.234258] ehci-pci: EHCI PCI platform driver
[    3.235288] ehci-platform: EHCI generic platform driver
[    3.236300] ohci_hcd: USB 1.1 'Open' Host Controller (OHCI) Driver
[    3.237584] ohci-pci: OHCI PCI platform driver
[    3.238522] ohci-platform: OHCI generic platform driver
[    3.239527] uhci_hcd: USB Universal Host Controller Interface driver
[    3.240898] i8042: PNP: PS/2 Controller [PNP0303:KBC,PNP0f13:MOUS] at 0x60,0x64 irq 1,12
[    3.243377] serio: i8042 KBD port at 0x60,0x64 irq 1
[    3.244365] serio: i8042 AUX port at 0x60,0x64 irq 12
[    3.245706] mousedev: PS/2 mouse device common for all mice
[    3.267624] rtc_cmos 00:01: registered as rtc0
[    3.268674] rtc_cmos 00:01: alarms up to one month, y3k, 114 bytes nvram, hpet irqs
[    3.270264] i2c /dev entries driver
[    3.271182] input: AT Translated Set 2 keyboard as /devices/platform/i8042/serio0/input/input1
[    3.271238] device-mapper: uevent: version 1.0.3
[    3.274343] device-mapper: ioctl: 4.39.0-ioctl (2018-04-03) initialised: dm-devel@redhat.com
[    3.276822] platform eisa.0: Probing EISA bus 0
[    3.278141] platform eisa.0: EISA: Cannot allocate resource for mainboard
[    3.280085] platform eisa.0: Cannot allocate resource for EISA slot 1
[    3.281929] platform eisa.0: Cannot allocate resource for EISA slot 2
[    3.283343] platform eisa.0: Cannot allocate resource for EISA slot 3
[    3.284984] platform eisa.0: Cannot allocate resource for EISA slot 4
[    3.286393] platform eisa.0: Cannot allocate resource for EISA slot 5
[    3.287838] platform eisa.0: Cannot allocate resource for EISA slot 6
[    3.289077] platform eisa.0: Cannot allocate resource for EISA slot 7
[    3.290323] platform eisa.0: Cannot allocate resource for EISA slot 8
[    3.291503] platform eisa.0: EISA: Detected 0 cards
[    3.292487] ledtrig-cpu: registered to indicate activity on CPUs
[    3.293824] IPv6: Loaded, but administratively disabled, reboot required to enable
[    3.295288] NET: Registered protocol family 17
[    3.296259] Key type dns_resolver registered
[    3.297395] mce: Using 0 MCE banks
[    3.298117] RAS: Correctable Errors collector initialized.
[    3.299289] sched_clock: Marking stable (3121039689, 178210170)->(3302884855, -3634996)
[    3.301554] registered taskstats version 1
[    3.302385] Loading compiled-in X.509 certificates
[    3.306442] Loaded X.509 cert 'Build time autogenerated kernel key: 74e800c0955dd062b621f2c2b30b90827e35b348'
[    3.308549] zswap: loaded using pool lzo/zbud
[    3.317820] Key type big_key registered
[    3.322887] Key type trusted registered
[    3.327029] Key type encrypted registered
[    3.327995] AppArmor: AppArmor sha1 policy hashing enabled
[    3.329054] ima: No TPM chip found, activating TPM-bypass!
[    3.330112] ima: Allocated hash algorithm: sha1
[    3.331033] No architecture policies found
[    3.331850] evm: Initialising EVM extended attributes:
[    3.332818] evm: security.selinux
[    3.333450] evm: security.SMACK64
[    3.334096] evm: security.SMACK64EXEC
[    3.334791] evm: security.SMACK64TRANSMUTE
[    3.335603] evm: security.SMACK64MMAP
[    3.336296] evm: security.apparmor
[    3.336939] evm: security.ima
[    3.337502] evm: security.capability
[    3.338175] evm: HMAC attrs: 0x1
[    3.339902]   Magic number: 15:444:0
[    3.340722] memory memory48: hash matches
[    3.341691] rtc_cmos 00:01: setting system clock to 2019-12-06T00:00:51 UTC (1575590451)
[    3.398624] ata2.00: ATAPI: VMware Virtual IDE CDROM Drive, 00000001, max UDMA/33
[    3.404121] scsi 1:0:0:0: CD-ROM            NECVMWar VMware IDE CDR10 1.00 PQ: 0 ANSI: 5
[    3.435569] sr 1:0:0:0: [sr0] scsi3-mmc drive: 1x/1x writer dvd-ram cd/rw xa/form2 cdda tray
[    3.437309] cdrom: Uniform CD-ROM driver Revision: 3.20
[    3.438961] sr 1:0:0:0: Attached scsi CD-ROM sr0
[    3.439207] sr 1:0:0:0: Attached scsi generic sg0 type 5
[    3.442386] Freeing unused decrypted memory: 2040K
[    3.444498] Freeing unused kernel image memory: 2588K
[    3.458967] Write protecting the kernel read-only data: 22528k
[    3.461021] Freeing unused kernel image memory: 2016K
[    3.462581] Freeing unused kernel image memory: 1728K
[    3.475820] x86/mm: Checked W+X mappings: passed, no W+X pages found.
[    3.477308] Run /init as init process
[    3.683425] VMware vmxnet3 virtual NIC driver - version 1.4.16.0-k-NAPI
[    3.685278] piix4_smbus 0000:00:07.3: SMBus Host Controller not enabled!
[    3.688143] vmxnet3 0000:03:00.0: # of Tx queues : 2, # of Rx queues : 2
[    3.691155] Fusion MPT base driver 3.04.20
[    3.692240] Copyright (c) 1999-2008 LSI Corporation
[    3.708492] Fusion MPT SPI Host driver 3.04.20
[    3.713130] input: VirtualPS/2 VMware VMMouse as /devices/platform/i8042/serio1/input/input4
[    3.713713] vmxnet3 0000:03:00.0 eth0: NIC Link is Up 10000 Mbps
[    3.716255] input: VirtualPS/2 VMware VMMouse as /devices/platform/i8042/serio1/input/input3
[    3.718374] mptbase: ioc0: Initiating bringup
[    3.760237] vmxnet3 0000:03:00.0 ens160: renamed from eth0
[    3.827392] ioc0: LSI53C1030 B0: Capabilities={Initiator}
[    3.931026] tsc: Refined TSC clocksource calibration: 2399.993 MHz
[    3.932288] clocksource: tsc: mask: 0xffffffffffffffff max_cycles: 0x2298310a4a1, max_idle_ns: 440795325953 ns
[    3.934299] clocksource: Switched to clocksource tsc
[    4.067918] scsi host2: ioc0: LSI53C1030 B0, FwRev=01032920h, Ports=1, MaxQ=128, IRQ=17
[    4.237443] scsi 2:0:0:0: Direct-Access     VMware   Virtual disk     1.0  PQ: 0 ANSI: 2
[    4.250978] scsi target2:0:0: Beginning Domain Validation
[    4.253222] scsi target2:0:0: Domain Validation skipping write tests
[    4.254479] scsi target2:0:0: Ending Domain Validation
[    4.255587] scsi target2:0:0: FAST-40 WIDE SCSI 80.0 MB/s ST (25 ns, offset 127)
[    4.259385] scsi 2:0:1:0: Direct-Access     VMware   Virtual disk     1.0  PQ: 0 ANSI: 2
[    4.271076] scsi target2:0:1: Beginning Domain Validation
[    4.273418] scsi target2:0:1: Domain Validation skipping write tests
[    4.274740] scsi target2:0:1: Ending Domain Validation
[    4.275856] scsi target2:0:1: FAST-40 WIDE SCSI 80.0 MB/s ST (25 ns, offset 127)
[    4.279534] scsi 2:0:2:0: Direct-Access     VMware   Virtual disk     1.0  PQ: 0 ANSI: 2
[    4.299046] scsi target2:0:2: Beginning Domain Validation
[    4.301827] scsi target2:0:2: Domain Validation skipping write tests
[    4.303615] scsi target2:0:2: Ending Domain Validation
[    4.305152] scsi target2:0:2: FAST-40 WIDE SCSI 80.0 MB/s ST (25 ns, offset 127)
[    4.310452] scsi 2:0:3:0: Direct-Access     VMware   Virtual disk     1.0  PQ: 0 ANSI: 2
[    4.330965] scsi target2:0:3: Beginning Domain Validation
[    4.332948] scsi target2:0:3: Domain Validation skipping write tests
[    4.334144] scsi target2:0:3: Ending Domain Validation
[    4.335214] scsi target2:0:3: FAST-40 WIDE SCSI 80.0 MB/s ST (25 ns, offset 127)
[    4.342339] sd 2:0:0:0: [sda] 146800640 512-byte logical blocks: (75.2 GB/70.0 GiB)
[    4.344160] sd 2:0:0:0: [sda] Write Protect is off
[    4.345054] sd 2:0:0:0: [sda] Mode Sense: 61 00 00 00
[    4.345091] sd 2:0:0:0: [sda] Cache data unavailable
[    4.346112] sd 2:0:0:0: [sda] Assuming drive cache: write through
[    4.347527] sd 2:0:0:0: Attached scsi generic sg1 type 0
[    4.349235] sd 2:0:1:0: [sdb] 16777216 512-byte logical blocks: (8.59 GB/8.00 GiB)
[    4.349842] sd 2:0:1:0: Attached scsi generic sg2 type 0
[    4.351896] sd 2:0:1:0: [sdb] Write Protect is off
[    4.352132] sd 2:0:2:0: Attached scsi generic sg3 type 0
[    4.352865] sd 2:0:1:0: [sdb] Mode Sense: 61 00 00 00
[    4.354072] sd 2:0:3:0: Attached scsi generic sg4 type 0
[    4.355123] sd 2:0:1:0: [sdb] Cache data unavailable
[    4.355210] sd 2:0:2:0: [sdc] 16777216 512-byte logical blocks: (8.59 GB/8.00 GiB)
[    4.356113] sd 2:0:1:0: [sdb] Assuming drive cache: write through
[    4.357571] sd 2:0:3:0: [sdd] 16777216 512-byte logical blocks: (8.59 GB/8.00 GiB)
[    4.358655] sd 2:0:2:0: [sdc] Write Protect is off
[    4.361514] sd 2:0:2:0: [sdc] Mode Sense: 61 00 00 00
[    4.361558] sd 2:0:3:0: [sdd] Write Protect is off
[    4.361571] sd 2:0:2:0: [sdc] Cache data unavailable
[    4.362485] sd 2:0:3:0: [sdd] Mode Sense: 61 00 00 00
[    4.363435] sd 2:0:2:0: [sdc] Assuming drive cache: write through
[    4.365134] sd 2:0:3:0: [sdd] Cache data unavailable
[    4.366085] sd 2:0:3:0: [sdd] Assuming drive cache: write through
[    4.372930]  sda: sda1 sda2
[    4.374758] sd 2:0:0:0: [sda] Attached SCSI disk
[    4.378031]  sdb: sdb1 sdb9
[    4.379257] sd 2:0:1:0: [sdb] Attached SCSI disk
[    4.384398]  sdc: sdc1 sdc9
[    4.386065] sd 2:0:2:0: [sdc] Attached SCSI disk
[    4.407890]  sdd: sdd1 sdd9
[    4.409417] sd 2:0:3:0: [sdd] Attached SCSI disk
[    4.610938] raid6: sse2x4   gen() 11161 MB/s
[    4.658927] raid6: sse2x4   xor()  7609 MB/s
[    4.706942] raid6: sse2x2   gen()  9259 MB/s
[    4.754927] raid6: sse2x2   xor()  4612 MB/s
[    4.802927] raid6: sse2x1   gen()  4862 MB/s
[    4.850947] raid6: sse2x1   xor()  5321 MB/s
[    4.851778] raid6: using algorithm sse2x4 gen() 11161 MB/s
[    4.852791] raid6: .... xor() 7609 MB/s, rmw enabled
[    4.853748] raid6: using ssse3x2 recovery algorithm
[    4.856594] xor: automatically using best checksumming function   avx       
[    4.859698] async_tx: api initialized (async)
[    4.907876] Btrfs loaded, crc32c=crc32c-intel
[    5.207610] spl: loading out-of-tree module taints kernel.
[    5.209040] spl: module verification failed: signature and/or required key missing - tainting kernel
[    5.213457] znvpair: module license 'CDDL' taints kernel.
[    5.214601] Disabling lock debugging due to kernel taint
[    6.957304] ZFS: Loaded module v0.8.0-delphix+2019.12.03.23-5827876, ZFS pool version 5000, ZFS filesystem version 5
[   23.504452] systemd[1]: systemd 237 running in system mode. (+PAM +AUDIT +SELINUX +IMA +APPARMOR +SMACK +SYSVINIT +UTMP +LIBCRYPTSETUP +GCRYPT +GNUTLS +ACL +XZ +LZ4 +SECCOMP +BLKID +ELFUTILS +KMOD -IDN2 +IDN -PCRE2 default-hierarchy=hybrid)
[   23.510592] systemd[1]: Detected virtualization vmware.
[   23.512238] systemd[1]: Detected architecture x86-64.
[   23.548139] systemd[1]: Set hostname to <localhost>.
[   25.211920] systemd[1]: Reached target Swap.
[   25.213749] systemd[1]: Started Forward Password Requests to Wall Directory Watch.
[   25.216761] systemd[1]: Set up automount Arbitrary Executable File Formats File System Automount Point.
[   25.219965] systemd[1]: Started Dispatch Password Requests to Console Directory Watch.
[   25.223174] systemd[1]: Reached target Paths.
[   25.224882] systemd[1]: Reached target Local Encrypted Volumes.
[   25.395004] RPC: Registered named UNIX socket transport module.
[   25.396231] RPC: Registered udp transport module.
[   25.396232] RPC: Registered tcp transport module.
[   25.396233] RPC: Registered tcp NFSv4.1 backchannel transport module.
[   25.471312] Installing knfsd (copyright (C) 1996 okir@monad.swb.de).
[   26.345068] vmw_vmci 0000:00:07.7: Found VMCI PCI device at 0x11080, irq 16
[   26.345182] vmw_vmci 0000:00:07.7: Using capabilities 0xc
[   26.345958] Guest personality initialized and is active
[   26.346054] VMCI host device registered (name=vmci, major=10, minor=54)
[   26.346054] Initialized host personality
[   26.392296] parport_pc 00:05: reported by Plug and Play ACPI
[   26.392523] parport0: PC-style at 0x378, irq 7 [PCSPP,TRISTATE]
[   26.570698] [drm] DMA map mode: Using physical TTM page addresses.
[   26.570809] [drm] Capabilities:
[   26.570810] [drm]   Rect copy.
[   26.570810] [drm]   Cursor.
[   26.570811] [drm]   Cursor bypass.
[   26.570811] [drm]   Cursor bypass 2.
[   26.570812] [drm]   8bit emulation.
[   26.570812] [drm]   Alpha cursor.
[   26.570812] [drm]   Extended Fifo.
[   26.570812] [drm]   Multimon.
[   26.570813] [drm]   Pitchlock.
[   26.570813] [drm]   Irq mask.
[   26.570813] [drm]   Display Topology.
[   26.570814] [drm]   GMR.
[   26.570814] [drm]   Traces.
[   26.570814] [drm]   GMR2.
[   26.570815] [drm]   Screen Object 2.
[   26.570815] [drm]   Command Buffers.
[   26.570817] [drm] Max GMR ids is 64
[   26.570817] [drm] Max number of GMR pages is 65536
[   26.570818] [drm] Max dedicated hypervisor surface memory is 163840 kiB
[   26.570819] [drm] Maximum display memory size is 4096 kiB
[   26.570819] [drm] VRAM at 0xec000000 size is 4096 kiB
[   26.570820] [drm] MMIO at 0xfe000000 size is 256 kiB
[   26.578666] [TTM] Zone  kernel: Available graphics memory: 3820882 kiB
[   26.578667] [TTM] Zone   dma32: Available graphics memory: 2097152 kiB
[   26.578668] [TTM] Initializing pool allocator
[   26.578673] [TTM] Initializing DMA pool allocator
[   26.578724] [drm] Supports vblank timestamp caching Rev 2 (21.10.2013).
[   26.578725] [drm] No driver support for vblank timestamp query.
[   26.579697] [drm] Screen Objects Display Unit initialized
[   26.579773] [drm] width 800
[   26.579783] [drm] height 480
[   26.579793] [drm] bpp 32
[   26.588992] [drm] Fifo max 0x00040000 min 0x00001000 cap 0x0000077f
[   26.601047] [drm] Using command buffers with DMA pool.
[   26.601098] [drm] DX: no.
[   26.601099] [drm] Atomic: yes.
[   26.601099] [drm] SM4_1: no.
[   26.612355] fbcon: svgadrmfb (fb0) is primary device
[   26.618913] Console: switching to colour frame buffer device 100x37
[   26.624044] [drm] Initialized vmwgfx 2.15.0 20180704 for 0000:00:0f.0 on minor 0
[   26.883529] systemd-journald[743]: Received request to flush runtime journal from PID 1
[   26.974338] RAPL PMU: API unit is 2^-32 Joules, 3 fixed counters, 10737418240 ms ovfl timer
[   26.974340] RAPL PMU: hw unit of domain pp0-core 2^-0 Joules
[   26.974340] RAPL PMU: hw unit of domain package 2^-0 Joules
[   26.974341] RAPL PMU: hw unit of domain dram 2^-0 Joules
[   27.030156] cryptd: max_cpu_qlen set to 1000
[   27.066751] AVX version of gcm_enc/dec engaged.
[   27.066752] AES CTR mode by8 optimization enabled
[   27.092199] ppdev: user-space parallel port driver
[   27.107466] systemd-journald[743]: File /var/log/journal/0ed34a0b1ea542ee9183d0310f77479a/system.journal corrupted or uncleanly shut down, renaming and replacing.
[   27.314691] EDAC sbridge: Seeking for: PCI ID 8086:0ea0
[   27.314708] EDAC sbridge:  Ver: 1.1.2 
[   28.049671] NET: Registered protocol family 40
[   33.281872] vmxnet3 0000:03:00.0 ens160: intr type 3, mode 0, 3 vectors allocated
[   33.283970] vmxnet3 0000:03:00.0 ens160: NIC Link is Up 10000 Mbps
[   37.341904] NFSD: starting 20-second grace period (net f0000098)
[   48.367758] Rounding down aligned max_sectors from 4294967295 to 4294967288
[   48.368009] db_root: cannot open: /etc/target
[  305.339527] sysrq: SysRq : Trigger a crash
[  305.340853] Kernel panic - not syncing: sysrq triggered crash
[  305.342494] CPU: 0 PID: 6029 Comm: bash Kdump: loaded Tainted: P           OE     5.0.0-36-generic #39~18.04.1-Ubuntu
[  305.345365] Hardware name: VMware, Inc. VMware Virtual Platform/440BX Desktop Reference Platform, BIOS 6.00 04/14/2014
[  305.348417] Call Trace:
[  305.349419]  dump_stack+0x63/0x85
[  305.350547]  panic+0xfe/0x2a4
[  305.351630]  sysrq_handle_crash+0x15/0x20
[  305.352892]  __handle_sysrq+0x9f/0x170
[  305.354091]  write_sysrq_trigger+0x34/0x40
[  305.355360]  proc_reg_write+0x3e/0x60
[  305.356526]  __vfs_write+0x1b/0x40
[  305.357632]  vfs_write+0xb1/0x1a0
[  305.358756]  ksys_write+0x5c/0xe0
[  305.359959]  __x64_sys_write+0x1a/0x20
[  305.361167]  do_syscall_64+0x5a/0x120
[  305.362284]  entry_SYSCALL_64_after_hwframe+0x44/0xa9
[  305.363691] RIP: 0033:0x7faa4ea10154
[  305.364797] Code: 89 02 48 c7 c0 ff ff ff ff c3 66 2e 0f 1f 84 00 00 00 00 00 66 90 48 8d 05 b1 07 2e 00 8b 00 85 c0 75 13 b8 01 00 00 00 0f 05 <48> 3d 00 f0 ff ff 77 54 f3 c3 66 90 41 54 55 49 89 d4 53 48 89 f5
[  305.369413] RSP: 002b:00007ffdad43be68 EFLAGS: 00000246 ORIG_RAX: 0000000000000001
[  305.371235] RAX: ffffffffffffffda RBX: 0000000000000002 RCX: 00007faa4ea10154
[  305.372968] RDX: 0000000000000002 RSI: 000055e5f13d2a20 RDI: 0000000000000001
[  305.374703] RBP: 000055e5f13d2a20 R08: 000000000000000a R09: 0000000000000001
[  305.376456] R10: 000000000000000a R11: 0000000000000246 R12: 00007faa4ecec760
[  305.378189] R13: 0000000000000002 R14: 00007faa4ece82a0 R15: 00007faa4ece7760
@#$ EXIT CODE $#@
0
